== tree ==
SourceFile! 0..18
  FnItem! 0..18
    Name 3..4 "f"
    ParamList 4..6 "()"
    Block! 7..18
      CallExpr! 9..16
        NameRef 9..10 "g"
        ArgList! 10..16
          Error! 11..13 ":("
          NameRef 15..16 "b"

== evidence ==
ExpectedExpression at 11
Expected(RParen) at 17

== diagnostics ==
error[syntax/expected-expression] 1:12..1:13 ":": expected an expression
  at 1:12..1:14 ":(": skipped while recovering
error[syntax/expected-token] 1:18: expected `)`
  at 1:11..1:12 "(": opening delimiter is here
  fix (safe): insert `)`
    1:17 -> ")"

== fixed (syntax/expected-expression, syntax/expected-token, syntax/unexpected-syntax remain) ==
fn f() { g(:(, b) }
