== tree ==
SourceFile! 1:1..8:1
  FnItem! 1:1..7:2
    Name 1:4..1:5 "f"
    ParamList 1:5..1:7 "()"
    Block! 1:8..7:2
      LetStmt 2:5..2:19
        Name 2:9..2:15 "before"
        LiteralExpr 2:18..2:19 "0"
      Error! 3:5..3:14
        BinaryExpr 3:5..3:10
          NameRef 3:5..3:6 "a"
          NameRef 3:9..3:10 "b"
        NameRef 3:13..3:14 "c"
      LetStmt 4:5..4:19
        Name 4:9..4:15 "middle"
        LiteralExpr 4:18..4:19 "1"
      Error! 5:5..5:22
        BinaryExpr! 5:5..5:18
          Error! 5:5..5:14
            BinaryExpr 5:5..5:10
              NameRef 5:5..5:6 "e"
              NameRef 5:9..5:10 "f"
            NameRef 5:13..5:14 "g"
          NameRef 5:17..5:18 "h"
        NameRef 5:21..5:22 "i"
      LetStmt 6:5..6:18
        Name 6:9..6:14 "after"
        LiteralExpr 6:17..6:18 "2"

== evidence ==
ChainedComparison at 3:11
ChainedComparison at 5:11
ChainedComparison at 5:19

== diagnostics ==
error[syntax/chained-comparison] 3:11..3:12 "<": comparison operators cannot be chained
error[syntax/chained-comparison] 5:11..5:12 "<": comparison operators cannot be chained
error[syntax/chained-comparison] 5:19..5:20 "<": comparison operators cannot be chained
