== tree ==
SourceFile! 0..21
  FnItem! 0..20
    Name 3..4 "f"
    ParamList 4..6 "()"
    Block! 7..20
      CallExpr! 13..18
        NameRef 13..14 "g"
        ArgList! 14..18
          Error! 15..17 ":{"

== evidence ==
ExpectedExpression at 15

== diagnostics ==
error[syntax/expected-expression] 2:7..2:8 ":": expected an expression
  at 2:7..2:9 ":{": skipped while recovering
