== tree ==
SourceFile 1:1..6:1
  FnItem 1:1..1:23
    Name 1:4..1:9 "value"
    ParamList 1:10..1:12 "()"
    TypeRef 1:16..1:19 "int"
    LiteralExpr 1:22..1:23 "1"
  FnItem 2:1..5:2
    Name 2:4..2:10 "caller"
    ParamList 2:10..2:12 "()"
    TypeRef 2:16..2:19 "int"
    Block 2:20..5:2
      CallExpr 3:5..3:13
        NameRef 3:5..3:10 "value"
        ArgList 3:11..3:13 "()"
      CallExpr 4:5..4:13
        NameRef 4:5..4:10 "value"
        ArgList 4:11..4:13 "()"

== evidence ==
SpacedListOpener at 1:10
SpacedListOpener at 3:11
SpacedListOpener at 4:11

== diagnostics ==
error[syntax/spaced-list-opener] 1:10..1:11 "(": opening `(` must be adjacent to the function name
error[syntax/spaced-list-opener] 3:11..3:12 "(": opening `(` must be adjacent to the function name
error[syntax/spaced-list-opener] 4:11..4:12 "(": opening `(` must be adjacent to the function name

== formatted ==
fn value() -> int = 1
fn caller() -> int {
    value()
    value()
}
