== tree ==
SourceFile! 1:1..5:1
  FnItem! 1:1..4:2
    ParamList 2:2..2:4 "()"
    Block 2:5..4:2
      CallExpr 2:6..3:2
        NameRef 2:6..2:7 "g"
        ArgList 2:7..3:2 "(\n)"

== evidence ==
ExpectedName at 2:2

== diagnostics ==
error[syntax/expected-name] 2:2: expected a name

== formatted ==
fn
 () {
    g()
}
