== tree ==
SourceFile 0..217
  FnItem 0..21
    Name 3..8 "value"
    ParamList 8..10 "()"
    TypeRef 14..17 "int"
    LiteralExpr 20..21 "1"
  FnItem 22..103
    Name 25..33 "rejected"
    ParamList 33..35 "()"
    TypeRef 39..42 "int"
    Block 43..103
      LetStmt 49..58
        Name 53..54 "x"
        LiteralExpr 57..58 "1"
      ParenExpr 63..66
        NameRef 64..65 "x"
      ParenExpr 71..84
        BinaryExpr 72..83
          CallExpr 72..79
            NameRef 72..77 "value"
            ArgList 77..79 "()"
          LiteralExpr 82..83 "1"
      ParenExpr 89..94
        ParenExpr 90..93
          LiteralExpr 91..92 "1"
      PrefixExpr 99..101
        LiteralExpr 100..101 "1"
  FnItem 104..155
    Name 107..115 "separate"
    ParamList 115..117 "()"
    Block 118..155
      NameRef 124..129 "value"
      ParenExpr 134..143
        CallExpr 135..142
          NameRef 135..140 "value"
          ArgList 140..142 "()"
      DiscardStmt 148..153
        LiteralExpr 152..153 "1"
  FnItem 156..216
    Name 159..167 "accepted"
    ParamList 167..169 "()"
    TypeRef 173..176 "int"
    Block 177..216
      DiscardStmt 183..198
        BinaryExpr 187..198
          CallExpr 187..194
            NameRef 187..192 "value"
            ArgList 192..194 "()"
          LiteralExpr 197..198 "1"
      BinaryExpr 203..214
        CallExpr 203..210
          NameRef 203..208 "value"
          ArgList 208..210 "()"
        LiteralExpr 213..214 "1"
