== tree ==
SourceFile 0..33
  FnItem 0..33
    Name 3..4 "f"
    ParamList 4..6 "()"
    Block 7..33
      LetStmt 9..31
        Name 13..14 "x"
        BinaryExpr 17..31
          NameRef 17..18 "a"
          NameRef 30..31 "b"

== evidence ==
TrailingOperator at 19

== diagnostics ==
error[syntax/trailing-operator] 1:20..1:22 "&&": binary operator must begin the continuation line
  fix (safe): move operator to the continuation line
    1:20..1:22 "&&" -> ""
    2:2 -> "&& "

== fixed ==
fn f() { let x = a  // why
 && b }

== normalized ==
fn f() { let x = a  // why
 && b }
