== tree ==
SourceFile! 1:1..1:17
  FnItem! 1:1..1:17
    Name 1:4..1:5 "f"
    ParamList 1:5..1:7 "()"
    Block! 1:8..1:17
      PrefixExpr 1:10..1:13
        NameRef 1:12..1:13 "x"
      NameRef 1:14..1:15 "y"

== evidence ==
SpacedPrefixOperator at 1:10
ExpectedBoundary at 1:14

== diagnostics ==
error[syntax/spaced-prefix-operator] 1:10..1:11 "-": prefix operator must be adjacent to its operand
error[syntax/expected-boundary] 1:14: expected a line break between statements

== formatted ==
fn f() {
    -x y
}
