== tree ==
SourceFile 0..1364
  FnItem 0..107
    Name 3..8 "clamp"
    ParamList 8..16
      Param 9..15
        Name 9..10 "n"
        TypeRef 12..15 "int"
    TypeRef 20..23 "int"
    IfExpr 26..107
      BinaryExpr 29..34
        NameRef 29..30 "n"
        LiteralExpr 33..34 "0"
      Block 35..44
        LiteralExpr 41..42 "0"
      Block 50..107
        IfExpr 56..105
          BinaryExpr 59..64
            NameRef 59..60 "n"
            LiteralExpr 63..64 "9"
          Block 65..82
            LiteralExpr 75..76 "9"
          Block 88..105
            NameRef 98..99 "n"
  FnItem 108..162
    Name 111..118 "clamped"
    ParamList 118..120 "()"
    TypeRef 124..127 "int"
    BinaryExpr 130..162
      BinaryExpr 130..150
        CallExpr 130..139
          NameRef 130..135 "clamp"
          ArgList 135..139
            PrefixExpr 136..138
              LiteralExpr 137..138 "5"
        CallExpr 142..150
          NameRef 142..147 "clamp"
          ArgList 147..150
            LiteralExpr 148..149 "3"
      CallExpr 153..162
        NameRef 153..158 "clamp"
        ArgList 158..162
          LiteralExpr 159..161 "20"
  FnItem 163..225
    Name 166..173 "nonzero"
    ParamList 173..181
      Param 174..180
        Name 174..175 "d"
        TypeRef 177..180 "int"
    TypeRef 185..188 "int"
    IfExpr 191..225
      BinaryExpr 194..200
        NameRef 194..195 "d"
        LiteralExpr 199..200 "0"
      Block 201..210
        NameRef 207..208 "d"
      Block 216..225
        LiteralExpr 222..223 "1"
  FnItem 226..286
    Name 229..237 "nonzeros"
    ParamList 237..239 "()"
    TypeRef 243..246 "int"
    BinaryExpr 249..286
      BinaryExpr 249..273
        CallExpr 249..260
          NameRef 249..256 "nonzero"
          ArgList 256..260
            PrefixExpr 257..259
              LiteralExpr 258..259 "2"
        CallExpr 263..273
          NameRef 263..270 "nonzero"
          ArgList 270..273
            LiteralExpr 271..272 "0"
      CallExpr 276..286
        NameRef 276..283 "nonzero"
        ArgList 283..286
          LiteralExpr 284..285 "2"
  FnItem 287..366
    Name 290..294 "both"
    ParamList 294..310
      Param 295..301
        Name 295..296 "a"
        TypeRef 298..301 "int"
      Param 303..309
        Name 303..304 "b"
        TypeRef 306..309 "int"
    TypeRef 314..317 "int"
    IfExpr 320..366
      BinaryExpr 323..337
        BinaryExpr 323..328
          NameRef 323..324 "a"
          LiteralExpr 327..328 "0"
        BinaryExpr 332..337
          NameRef 332..333 "b"
          LiteralExpr 336..337 "0"
      Block 338..351
        BinaryExpr 344..349
          NameRef 344..345 "a"
          NameRef 348..349 "b"
      Block 357..366
        LiteralExpr 363..364 "0"
  FnItem 367..411
    Name 370..375 "boths"
    ParamList 375..377 "()"
    TypeRef 381..384 "int"
    BinaryExpr 387..411
      CallExpr 387..398
        NameRef 387..391 "both"
        ArgList 391..398
          PrefixExpr 392..394
            LiteralExpr 393..394 "1"
          LiteralExpr 396..397 "5"
      CallExpr 401..411
        NameRef 401..405 "both"
        ArgList 405..411
          LiteralExpr 406..407 "3"
          LiteralExpr 409..410 "4"
  FnItem 412..469
    Name 415..419 "flag"
    ParamList 419..428
      Param 420..427
        Name 420..421 "f"
        TypeRef 423..427 "bool"
    TypeRef 432..436 "bool"
    IfExpr 439..469
      NameRef 442..443 "f"
      Block 444..453
        NameRef 450..451 "f"
      Block 459..469
        PrefixExpr 465..467
          NameRef 466..467 "f"
  FnItem 470..516
    Name 473..478 "flags"
    ParamList 478..480 "()"
    TypeRef 484..488 "bool"
    BinaryExpr 491..516
      CallExpr 491..501
        NameRef 491..495 "flag"
        ArgList 495..501
          LiteralExpr 496..500 "true"
      CallExpr 505..516
        NameRef 505..509 "flag"
        ArgList 509..516
          LiteralExpr 510..515 "false"
  FnItem 517..581
    Name 520..527 "negated"
    ParamList 527..535
      Param 528..534
        Name 528..529 "n"
        TypeRef 531..534 "int"
    TypeRef 539..542 "int"
    IfExpr 545..581
      PrefixExpr 548..556
        ParenExpr 549..556
          BinaryExpr 550..555
            NameRef 550..551 "n"
            LiteralExpr 554..555 "3"
      Block 557..566
        NameRef 563..564 "n"
      Block 572..581
        LiteralExpr 578..579 "3"
  FnItem 582..628
    Name 585..593 "negateds"
    ParamList 593..595 "()"
    TypeRef 599..602 "int"
    BinaryExpr 605..628
      CallExpr 605..615
        NameRef 605..612 "negated"
        ArgList 612..615
          LiteralExpr 613..614 "1"
      CallExpr 618..628
        NameRef 618..625 "negated"
        ArgList 625..628
          LiteralExpr 626..627 "7"
  FnItem 629..700
    Name 632..639 "between"
    ParamList 639..647
      Param 640..646
        Name 640..641 "n"
        TypeRef 643..646 "int"
    TypeRef 651..654 "int"
    IfExpr 657..700
      BinaryExpr 660..675
        BinaryExpr 660..665
          NameRef 660..661 "n"
          LiteralExpr 664..665 "0"
        BinaryExpr 669..675
          NameRef 669..670 "n"
          LiteralExpr 673..675 "10"
      Block 676..685
        NameRef 682..683 "n"
      Block 691..700
        LiteralExpr 697..698 "0"
  FnItem 701..762
    Name 704..712 "betweens"
    ParamList 712..714 "()"
    TypeRef 718..721 "int"
    BinaryExpr 724..762
      BinaryExpr 724..748
        CallExpr 724..735
          NameRef 724..731 "between"
          ArgList 731..735
            PrefixExpr 732..734
              LiteralExpr 733..734 "3"
        CallExpr 738..748
          NameRef 738..745 "between"
          ArgList 745..748
            LiteralExpr 746..747 "5"
      CallExpr 751..762
        NameRef 751..758 "between"
        ArgList 758..762
          LiteralExpr 759..761 "50"
  FnItem 763..833
    Name 766..773 "outside"
    ParamList 773..781
      Param 774..780
        Name 774..775 "n"
        TypeRef 777..780 "int"
    TypeRef 785..788 "int"
    IfExpr 791..833
      BinaryExpr 794..808
        BinaryExpr 794..799
          NameRef 794..795 "n"
          LiteralExpr 798..799 "1"
        BinaryExpr 803..808
          NameRef 803..804 "n"
          LiteralExpr 807..808 "9"
      Block 809..818
        LiteralExpr 815..816 "0"
      Block 824..833
        NameRef 830..831 "n"
  FnItem 834..895
    Name 837..845 "outsides"
    ParamList 845..847 "()"
    TypeRef 851..854 "int"
    BinaryExpr 857..895
      BinaryExpr 857..881
        CallExpr 857..868
          NameRef 857..864 "outside"
          ArgList 864..868
            PrefixExpr 865..867
              LiteralExpr 866..867 "3"
        CallExpr 871..881
          NameRef 871..878 "outside"
          ArgList 878..881
            LiteralExpr 879..880 "5"
      CallExpr 884..895
        NameRef 884..891 "outside"
        ArgList 891..895
          LiteralExpr 892..894 "50"
  FnItem 896..1033
    Name 899..904 "inner"
    ParamList 904..920
      Param 905..911
        Name 905..906 "n"
        TypeRef 908..911 "int"
      Param 913..919
        Name 913..914 "m"
        TypeRef 916..919 "int"
    TypeRef 924..927 "int"
    Block 928..1033
      IfExpr 934..1031
        BinaryExpr 937..942
          NameRef 937..938 "n"
          LiteralExpr 941..942 "0"
        Block 943..1008
          IfExpr 953..992
            BinaryExpr 956..962
              NameRef 956..957 "m"
              LiteralExpr 961..962 "0"
            Block 963..992
              DiscardStmt 977..982
                LiteralExpr 981..982 "1"
          LiteralExpr 1001..1002 "0"
        Block 1014..1031
          NameRef 1024..1025 "m"
  FnItem 1034..1095
    Name 1037..1043 "inners"
    ParamList 1043..1045 "()"
    TypeRef 1049..1052 "int"
    BinaryExpr 1055..1095
      BinaryExpr 1055..1080
        CallExpr 1055..1066
          NameRef 1055..1060 "inner"
          ArgList 1060..1066
            LiteralExpr 1061..1062 "0"
            LiteralExpr 1064..1065 "0"
        CallExpr 1069..1080
          NameRef 1069..1074 "inner"
          ArgList 1074..1080
            LiteralExpr 1075..1076 "0"
            LiteralExpr 1078..1079 "5"
      CallExpr 1083..1095
        NameRef 1083..1088 "inner"
        ArgList 1088..1095
          LiteralExpr 1089..1090 "1"
          PrefixExpr 1092..1094
            LiteralExpr 1093..1094 "5"
  FnItem 1096..1164
    Name 1099..1106 "wrapped"
    ParamList 1106..1114
      Param 1107..1113
        Name 1107..1108 "x"
        TypeRef 1110..1113 "int"
    TypeRef 1118..1121 "int"
    IfExpr 1124..1164
      BinaryExpr 1127..1134
        ParenExpr 1127..1130
          NameRef 1128..1129 "x"
        LiteralExpr 1133..1134 "0"
      Block 1135..1149
        BinaryExpr 1141..1147
          LiteralExpr 1141..1143 "10"
          NameRef 1146..1147 "x"
      Block 1155..1164
        LiteralExpr 1161..1162 "1"
  FnItem 1165..1211
    Name 1168..1176 "wrappeds"
    ParamList 1176..1178 "()"
    TypeRef 1182..1185 "int"
    BinaryExpr 1188..1211
      CallExpr 1188..1198
        NameRef 1188..1195 "wrapped"
        ArgList 1195..1198
          LiteralExpr 1196..1197 "0"
      CallExpr 1201..1211
        NameRef 1201..1208 "wrapped"
        ArgList 1208..1211
          LiteralExpr 1209..1210 "5"
  FnItem 1212..1292
    Name 1215..1230 "negated_wrapped"
    ParamList 1230..1238
      Param 1231..1237
        Name 1231..1232 "x"
        TypeRef 1234..1237 "int"
    TypeRef 1242..1245 "int"
    IfExpr 1248..1292
      PrefixExpr 1251..1262
        ParenExpr 1252..1262
          BinaryExpr 1253..1261
            ParenExpr 1253..1256
              NameRef 1254..1255 "x"
            LiteralExpr 1260..1261 "0"
      Block 1263..1277
        BinaryExpr 1269..1275
          LiteralExpr 1269..1271 "10"
          NameRef 1274..1275 "x"
      Block 1283..1292
        LiteralExpr 1289..1290 "1"
  FnItem 1293..1363
    Name 1296..1312 "negated_wrappeds"
    ParamList 1312..1314 "()"
    TypeRef 1318..1321 "int"
    BinaryExpr 1324..1363
      CallExpr 1324..1342
        NameRef 1324..1339 "negated_wrapped"
        ArgList 1339..1342
          LiteralExpr 1340..1341 "0"
      CallExpr 1345..1363
        NameRef 1345..1360 "negated_wrapped"
        ArgList 1360..1363
          LiteralExpr 1361..1362 "5"
