file: accepted
frontend errors: 0 (see frontend.snap)
semantic errors: 0

fn clamp@1:1..9:2 (int ∈ [-5, 20] \ 0) -> int ∈ [0, 9]
  param n@1:10..1:11: int
  result: copy : int @1:21..1:24
    value: if : int @1:27..9:2
      condition: eager < : bool @1:30..1:35
        lhs: read n@1:10..1:11 : int
        rhs: int 0 : int @1:34..1:35
      then: int 0 : int @2:5..2:6
      else: if : int @4:5..8:6
        condition: eager > : bool @4:8..4:13
          lhs: read n@1:10..1:11 [n < 0 fails@1:30..1:35] : int
          rhs: int 9 : int @4:12..4:13
        then: int 9 : int @5:9..5:10
        else: read n@1:10..1:11 [n > 9 fails@4:8..4:13, n < 0 fails@1:30..1:35] : int

fn clamped@10:1..10:55 () -> int ∈ [0, 27]
  result: copy : int @10:17..10:20
    value: eager + : int @10:23..10:55
      lhs: eager + : int @10:23..10:43
        lhs: call clamp@1:1..9:2 : int @10:23..10:32
          arg[0]: int -5 : int @10:29..10:31
        rhs: call clamp@1:1..9:2 : int @10:35..10:43
          arg[0]: int 3 : int @10:41..10:42
      rhs: call clamp@1:1..9:2 : int @10:46..10:55
        arg[0]: int 20 : int @10:52..10:54

fn nonzero@11:1..15:2 (int ∈ [-2, 2]) -> int ∈ [-2, 2] \ 0
  param d@11:12..11:13: int
  result: copy : int @11:23..11:26
    value: if : int @11:29..15:2
      condition: eager != : bool @11:32..11:38
        lhs: read d@11:12..11:13 : int
        rhs: int 0 : int @11:37..11:38
      then: read d@11:12..11:13 [d != 0 holds@11:32..11:38] : int
      else: int 1 : int @14:5..14:6

fn nonzeros@16:1..16:61 () -> int ∈ [-6, 6]
  result: copy : int @16:18..16:21
    value: eager + : int @16:24..16:61
      lhs: eager + : int @16:24..16:48
        lhs: call nonzero@11:1..15:2 : int @16:24..16:35
          arg[0]: int -2 : int @16:32..16:34
        rhs: call nonzero@11:1..15:2 : int @16:38..16:48
          arg[0]: int 0 : int @16:46..16:47
      rhs: call nonzero@11:1..15:2 : int @16:51..16:61
        arg[0]: int 2 : int @16:59..16:60

fn both@17:1..21:2 (int ∈ [-1, 3] \ 0, int ∈ [4, 5]) -> int ∈ [0, 8]
  param a@17:9..17:10: int
  param b@17:17..17:18: int
  result: copy : int @17:28..17:31
    value: if : int @17:34..21:2
      condition: lazy and : bool @17:37..17:51
        lhs: eager > : bool @17:37..17:42
          lhs: read a@17:9..17:10 : int
          rhs: int 0 : int @17:41..17:42
        rhs: eager > : bool @17:46..17:51
          lhs: read b@17:17..17:18 : int
          rhs: int 0 : int @17:50..17:51
      then: eager + : int @18:5..18:10
        lhs: read a@17:9..17:10 [a > 0 holds@17:37..17:42] : int
        rhs: read b@17:17..17:18 [b > 0 holds@17:46..17:51] : int
      else: int 0 : int @20:5..20:6

fn boths@22:1..22:45 () -> int ∈ [0, 16]
  result: copy : int @22:15..22:18
    value: eager + : int @22:21..22:45
      lhs: call both@17:1..21:2 : int @22:21..22:32
        arg[0]: int -1 : int @22:26..22:28
        arg[1]: int 5 : int @22:30..22:31
      rhs: call both@17:1..21:2 : int @22:35..22:45
        arg[0]: int 3 : int @22:40..22:41
        arg[1]: int 4 : int @22:43..22:44

fn flag@23:1..27:2 (bool ∈ {true, false}) -> bool ∈ {true}
  param f@23:9..23:10: bool
  result: copy : bool @23:21..23:25
    value: if : bool @23:28..27:2
      condition: read f@23:9..23:10 : bool
      then: read f@23:9..23:10 [is true] : bool
      else: not : bool @26:5..26:7
        operand: read f@23:9..23:10 [is false] : bool

fn flags@28:1..28:47 () -> bool ∈ {true}
  result: copy : bool @28:15..28:19
    value: lazy and : bool @28:22..28:47
      lhs: call flag@23:1..27:2 : bool @28:22..28:32
        arg[0]: bool true : bool @28:27..28:31
      rhs: call flag@23:1..27:2 : bool @28:36..28:47
        arg[0]: bool false : bool @28:41..28:46

fn negated@29:1..33:2 (int ∈ [1, 7]) -> int ∈ [3, 7]
  param n@29:12..29:13: int
  result: copy : int @29:23..29:26
    value: if : int @29:29..33:2
      condition: not : bool @29:32..29:40
        operand: eager < : bool @29:34..29:39
          lhs: read n@29:12..29:13 : int
          rhs: int 3 : int @29:38..29:39
      then: read n@29:12..29:13 [n < 3 fails@29:34..29:39] : int
      else: int 3 : int @32:5..32:6

fn negateds@34:1..34:47 () -> int ∈ [6, 14]
  result: copy : int @34:18..34:21
    value: eager + : int @34:24..34:47
      lhs: call negated@29:1..33:2 : int @34:24..34:34
        arg[0]: int 1 : int @34:32..34:33
      rhs: call negated@29:1..33:2 : int @34:37..34:47
        arg[0]: int 7 : int @34:45..34:46

fn between@35:1..39:2 (int ∈ [-3, 50] \ 0) -> int ∈ [0, 9]
  param n@35:12..35:13: int
  result: copy : int @35:23..35:26
    value: if : int @35:29..39:2
      condition: lazy and : bool @35:32..35:47
        lhs: eager > : bool @35:32..35:37
          lhs: read n@35:12..35:13 : int
          rhs: int 0 : int @35:36..35:37
        rhs: eager < : bool @35:41..35:47
          lhs: read n@35:12..35:13 [n > 0 holds@35:32..35:37] : int
          rhs: int 10 : int @35:45..35:47
      then: read n@35:12..35:13 [n < 10 holds@35:41..35:47, n > 0 holds@35:32..35:37] : int
      else: int 0 : int @38:5..38:6

fn betweens@40:1..40:62 () -> int ∈ [0, 27]
  result: copy : int @40:18..40:21
    value: eager + : int @40:24..40:62
      lhs: eager + : int @40:24..40:48
        lhs: call between@35:1..39:2 : int @40:24..40:35
          arg[0]: int -3 : int @40:32..40:34
        rhs: call between@35:1..39:2 : int @40:38..40:48
          arg[0]: int 5 : int @40:46..40:47
      rhs: call between@35:1..39:2 : int @40:51..40:62
        arg[0]: int 50 : int @40:59..40:61

fn outside@41:1..45:2 (int ∈ [-3, 50] \ 0) -> int ∈ [0, 9]
  param n@41:12..41:13: int
  result: copy : int @41:23..41:26
    value: if : int @41:29..45:2
      condition: lazy or : bool @41:32..41:46
        lhs: eager < : bool @41:32..41:37
          lhs: read n@41:12..41:13 : int
          rhs: int 1 : int @41:36..41:37
        rhs: eager > : bool @41:41..41:46
          lhs: read n@41:12..41:13 [n < 1 fails@41:32..41:37] : int
          rhs: int 9 : int @41:45..41:46
      then: int 0 : int @42:5..42:6
      else: read n@41:12..41:13 [n > 9 fails@41:41..41:46, n < 1 fails@41:32..41:37] : int

fn outsides@46:1..46:62 () -> int ∈ [0, 27]
  result: copy : int @46:18..46:21
    value: eager + : int @46:24..46:62
      lhs: eager + : int @46:24..46:48
        lhs: call outside@41:1..45:2 : int @46:24..46:35
          arg[0]: int -3 : int @46:32..46:34
        rhs: call outside@41:1..45:2 : int @46:38..46:48
          arg[0]: int 5 : int @46:46..46:47
      rhs: call outside@41:1..45:2 : int @46:51..46:62
        arg[0]: int 50 : int @46:59..46:61

fn inner@47:1..56:2 (int ∈ [0, 1], int ∈ [-5, 5]) -> int ∈ [-5, 5]
  param n@47:10..47:11: int
  param m@47:18..47:19: int
  result: copy : int @47:29..47:32
    value: if : int @48:5..55:6
      condition: eager > : bool @48:8..48:13
        lhs: read n@47:10..47:11 : int
        rhs: int 0 : int @48:12..48:13
      then:
        discard: if : unit @49:9..51:10
          condition: eager != : bool @49:12..49:18
            lhs: read m@47:18..47:19 : int
            rhs: int 0 : int @49:17..49:18
          then:
            discard: int 1 : int @50:17..50:18
            tail: unit : unit @49:19..51:10
          else: unit (implicit)
        tail: int 0 : int @52:9..52:10
      else: read m@47:18..47:19 : int

fn inners@57:1..57:62 () -> int ∈ [-15, 15]
  result: copy : int @57:16..57:19
    value: eager + : int @57:22..57:62
      lhs: eager + : int @57:22..57:47
        lhs: call inner@47:1..56:2 : int @57:22..57:33
          arg[0]: int 0 : int @57:28..57:29
          arg[1]: int 0 : int @57:31..57:32
        rhs: call inner@47:1..56:2 : int @57:36..57:47
          arg[0]: int 0 : int @57:42..57:43
          arg[1]: int 5 : int @57:45..57:46
      rhs: call inner@47:1..56:2 : int @57:50..57:62
        arg[0]: int 1 : int @57:56..57:57
        arg[1]: int -5 : int @57:59..57:61

fn wrapped@58:1..62:2 (int ∈ [0, 5]) -> int ∈ [1, 10]
  param x@58:12..58:13: int
  result: copy : int @58:23..58:26
    value: if : int @58:29..62:2
      condition: eager > : bool @58:32..58:39
        lhs: read x@58:12..58:13 : int
        rhs: int 0 : int @58:38..58:39
      then: eager / : int @59:5..59:11
        lhs: int 10 : int @59:5..59:7
        rhs: read x@58:12..58:13 [(x) > 0 holds@58:32..58:39] : int
      else: int 1 : int @61:5..61:6

fn wrappeds@63:1..63:47 () -> int ∈ [2, 20]
  result: copy : int @63:18..63:21
    value: eager + : int @63:24..63:47
      lhs: call wrapped@58:1..62:2 : int @63:24..63:34
        arg[0]: int 0 : int @63:32..63:33
      rhs: call wrapped@58:1..62:2 : int @63:37..63:47
        arg[0]: int 5 : int @63:45..63:46

fn negated_wrapped@64:1..68:2 (int ∈ [0, 5]) -> int ∈ [1, 10]
  param x@64:20..64:21: int
  result: copy : int @64:31..64:34
    value: if : int @64:37..68:2
      condition: not : bool @64:40..64:51
        operand: eager == : bool @64:42..64:50
          lhs: read x@64:20..64:21 : int
          rhs: int 0 : int @64:49..64:50
      then: eager / : int @65:5..65:11
        lhs: int 10 : int @65:5..65:7
        rhs: read x@64:20..64:21 [(x) == 0 fails@64:42..64:50] : int
      else: int 1 : int @67:5..67:6

fn negated_wrappeds@69:1..69:71 () -> int ∈ [2, 20]
  result: copy : int @69:26..69:29
    value: eager + : int @69:32..69:71
      lhs: call negated_wrapped@64:1..68:2 : int @69:32..69:50
        arg[0]: int 0 : int @69:48..69:49
      rhs: call negated_wrapped@64:1..68:2 : int @69:53..69:71
        arg[0]: int 5 : int @69:69..69:70

== semantic diagnostics ==
warning[semantic/constant-condition]: condition is always true
  primary @28:22..28:32
warning[semantic/constant-condition]: condition is always true
  primary @28:36..28:47
