== tree ==
SourceFile 0..184
  FnItem 67..183
    Name 70..76 "braces"
    ParamList 76..78 "()"
    TypeRef 82..85 "str"
    Block 86..183
      LetStmt 92..135
        Name 96..100 "json"
        InterpolatedString 103..135
          Hole 114..118
            NameRef 115..117 "id"
      LetStmt 140..160
        Name 144..150 "closer"
        LiteralExpr 153..160 "\"a } b\""
      InterpolatedString 165..181
        Hole 166..172
          NameRef 167..171 "json"
        Hole 172..180
          NameRef 173..179 "closer"
