== tree ==
SourceFile 0..272
  FnItem 116..271
    Name 119..125 "braces"
    ParamList 125..127 "()"
    TypeRef 131..134 "str"
    Block 135..271
      LetStmt 141..184
        Name 145..149 "json"
        InterpolatedString 152..184
          Hole 163..167
            NameRef 164..166 "id"
      LetStmt 189..209
        Name 193..199 "closer"
        LiteralExpr 202..209 "\"a } b\""
      LetStmt 214..239
        Name 218..225 "unicode"
        InterpolatedString 228..239
          Hole 235..238
            NameRef 236..237 "x"
      InterpolatedString 244..269
        Hole 245..251
          NameRef 246..250 "json"
        Hole 251..259
          NameRef 252..258 "closer"
        Hole 259..268
          NameRef 260..267 "unicode"
