file: accepted
frontend errors: 0 (see frontend.snap)
semantic errors: 0

fn add@1:1..1:38 (int ∈ [3, 3], int ∈ [7, 7]) -> int ∈ [10, 10]
  param a@1:8..1:9: int
  param b@1:16..1:17: int
  result: copy : int @1:27..1:30
    value: eager + : int @1:33..1:38
      lhs: read a@1:8..1:9 : int
      rhs: read b@1:16..1:17 : int

fn wrapped@2:1..4:7 () -> int ∈ [7, 7]
  result: copy : int @2:17..2:20
    value: eager + : int @2:24..4:6
      lhs: int 1 : int @2:24..2:25
      rhs: eager * : int @3:5..4:6
        lhs: int 2 : int @3:5..3:6
        rhs: int 3 : int @4:5..4:6

fn arguments@5:1..8:7 () -> int ∈ [10, 10]
  result: copy : int @5:19..5:22
    value: call add@1:1..1:38 : int @5:25..8:7
      arg[0]: eager + : int @5:29..6:6
        lhs: int 1 : int @5:29..5:30
        rhs: int 2 : int @6:5..6:6
      arg[1]: eager + : int @6:8..8:6
        lhs: int 3 : int @6:8..6:9
        rhs: int 4 : int @8:5..8:6

fn nested@9:1..14:7 () -> int ∈ [6, 6]
  result: copy : int @9:16..9:19
    value:
      let x@10:9..10:10: int @10:5..11:11
        initializer: eager + : int @10:14..11:10
          lhs: int 1 : int @10:14..10:15
          rhs: int 2 : int @11:9..11:10
      tail: eager + : int @9:23..14:6
        lhs: read x@10:9..10:10 : int
        rhs: int 3 : int @14:5..14:6
