file: rejected
frontend errors: 0 (see frontend.snap)
semantic errors: 1

fn damaged@0..53 (int ∈ ∅) -> int ∈ ∅
  param x@11..12: int
  result: copy : int @22..25
    value:
      let f@36..37: ? @32..45
        initializer: hole : ? @40..45
      tail: int 2 : int @50..51

fn whole@54..81 (int ∈ ∅) -> int ∈ ∅
  param x@63..64: int
  result: copy : int @74..77
    value: int 3 : int @80..81

== semantic diagnostics ==
error[semantic/unsupported]: construct is not supported by scalar checking
  primary @40..45
warning[semantic/unused-name]: parameter `x` is never read
  primary @63..64
  fix @63 -> "_": prefix the name with `_`
