== tree ==
SourceFile! 0..230
  FnItem! 208..229
    Name 211..212 "f"
    ParamList 212..214 "()"
    Block! 215..229
      CallExpr! 217..226
        NameRef 217..218 "g"
        ArgList! 218..226
          InterpolatedString! 219..225
            Hole! 220..224
              LiteralExpr 221..222 "1"
              Error! 222..224 "\"{"
          Error! 225..226 "\\"
      Error! 226..227 "\""

== evidence ==
Unexpected at 222
Expected(Comma) at 225
ExpectedExpression at 225
Expected(RParen) at 226

== diagnostics ==
error[syntax/unclosed-hole] 4:13..4:14 "{": hole in string literal is not closed on its line
  note: a `{` in a string literal opens a hole for an expression, which ends with its line; a `{` meant as text is written `\{`
error[syntax/unexpected-syntax] 4:15..4:16 "\"": unexpected syntax in expression
  at 4:15..4:17 "\"{": skipped while recovering
error[syntax/unclosed-hole] 4:16..4:17 "{": hole in string literal is not closed on its line
  note: a `{` in a string literal opens a hole for an expression, which ends with its line; a `{` meant as text is written `\{`
error[syntax/unknown-punctuation] 4:18..4:19 "\\": punctuation has no meaning in Sumi source
error[syntax/expected-token] 4:19: expected `)`
  at 4:11..4:12 "(": opening delimiter is here
  at 4:19..4:20 "\"": skipped while recovering
