== tree ==
SourceFile 0..31
  FnItem 0..30
    Name 3..4 "f"
    ParamList 4..6 "()"
    TypeRef 10..13 "int"
    Block 14..30
      NameRef 20..21 "x"
      PrefixExpr 26..28
        LiteralExpr 27..28 "1"

== diagnostics ==
error[syntax/invalid-expression-statement] 2:5..2:6 "x": expression is not allowed before another statement
  note: only a call, an `if`, or a block may stand alone before another statement; use `_ =` to discard this expression's value, or place it last in the block to use it as the block's value
  note: the `-` on the next line is glued to its operand, so it begins a statement; spaced from it, it would continue this one
