== tree ==
SourceFile! 1:1..13:1
  FnItem! 1:1..4:2
    Name 1:4..1:9 "empty"
    ParamList 1:9..1:11 "()"
    Block! 1:12..4:2
      ParenExpr! 2:5..2:7 "()"
      ReturnStmt 3:5..3:11 "return"
  FnItem! 5:1..8:2
    Name 5:4..5:17 "damaged_inner"
    ParamList 5:17..5:19 "()"
    Block! 5:20..8:2
      ParenExpr! 6:5..6:12
        ParenExpr! 6:6..6:11
          BinaryExpr! 6:7..6:10
            LiteralExpr 6:7..6:8 "1"
      ReturnStmt 7:5..7:11 "return"
  FnItem! 9:1..12:2
    Name 9:4..9:18 "missing_closer"
    ParamList 9:18..9:20 "()"
    Block! 9:21..12:2
      ParenExpr! 10:5..10:7
        LiteralExpr 10:6..10:7 "1"
      ReturnStmt 11:5..11:11 "return"

== evidence ==
ExpectedExpression at 2:6
UnspacedBinaryOperator at 6:9
ExpectedExpression at 6:10
Expected(RParen) at 11:5

== diagnostics ==
error[syntax/expected-expression] 2:6: expected an expression
error[syntax/unspaced-binary-operator] 6:9..6:10 "+": binary operator must have spaces on both sides
error[syntax/expected-expression] 6:10: expected an expression
error[syntax/expected-token] 11:5: expected `)`
  at 10:5..10:6 "(": opening delimiter is here
  fix: insert `)`
    10:7 -> ")"

== fixed (syntax/expected-expression, syntax/unspaced-binary-operator remain) ==
fn empty() {
    ()
    return
}
fn damaged_inner() {
    ((1 +))
    return
}
fn missing_closer() {
    (1)
    return
}
