== tree ==
SourceFile! 1:1..16:1
  FnItem! 1:1..1:39
    Name 1:4..1:19 "item_in_garbage"
    ParamList 1:19..1:21 "()"
    Block! 1:22..1:39
      Error! 1:24..1:39 ": { fn g() {} }"
  FnItem! 2:1..4:2
    Name 2:4..2:29 "item_in_garbage_in_parens"
    ParamList 2:29..2:31 "()"
    Block! 2:32..4:2
      ParenExpr! 3:5..3:25
        Block! 3:6..3:23
          Error! 3:8..3:23 ": { fn g() {} }"
  FnItem! 5:1..10:2
    Name 5:4..5:23 "closer_in_arguments"
    ParamList 5:23..5:25 "()"
    Block! 5:26..10:2
      ParenExpr! 6:5..9:24
        Block! 7:9..9:22
          CallExpr! 8:13..9:22
            NameRef 8:13..8:14 "g"
            ArgList! 8:14..9:22
              NameRef 9:17..9:18 "a"
              Error! 9:19..9:20 "}"
              NameRef 9:21..9:22 "x"
  FnItem! 11:1..15:2
    Name 11:4..11:20 "closer_in_parens"
    ParamList 11:20..11:22 "()"
    Block! 11:23..15:2
      ParenExpr! 12:5..14:19
        Block! 13:9..14:17
          ParenExpr! 14:13..14:17
            Error! 14:14..14:15 "}"
            NameRef 14:16..14:17 "x"

== evidence ==
ExpectedStatement at 1:24
Expected(RBrace) at 2:1
ExpectedStatement at 3:8
Expected(RBrace) at 3:24
ExpectedExpression at 9:19
Expected(RParen) at 9:23
Expected(RBrace) at 9:23
ExpectedExpression at 14:14
Expected(RParen) at 14:18
Expected(RBrace) at 14:18

== diagnostics ==
error[syntax/expected-statement] 1:24..1:25 ":": expected a statement
  at 1:24..1:39 ": { fn g() {} }": skipped while recovering
error[syntax/expected-token] 2:1: expected `}`
  at 1:22..1:23 "{": opening delimiter is here
  fix: insert `}`
    1:39 -> "}"
error[syntax/expected-statement] 3:8..3:9 ":": expected a statement
  at 3:8..3:23 ": { fn g() {} }": skipped while recovering
error[syntax/expected-token] 3:24: expected `}`
  at 3:6..3:7 "{": opening delimiter is here
  fix: insert `}`
    3:23 -> "}"
error[syntax/expected-expression] 9:19..9:20 "}": expected an expression
error[syntax/expected-token] 9:23: expected `)`
  at 8:14..8:15 "(": opening delimiter is here
  fix: insert `)`
    9:22 -> ")"
error[syntax/expected-token] 9:23: expected `}`
  at 7:9..7:10 "{": opening delimiter is here
  fix: insert `}`
    9:22 -> "}"
error[syntax/expected-expression] 14:14..14:15 "}": expected an expression
error[syntax/expected-token] 14:18: expected `)`
  at 14:13..14:14 "(": opening delimiter is here
  fix: insert `)`
    14:17 -> ")"
error[syntax/expected-token] 14:18: expected `}`
  at 13:9..13:10 "{": opening delimiter is here
  fix: insert `}`
    14:17 -> "}"

== fixed (syntax/expected-expression, syntax/expected-item, syntax/expected-statement, syntax/expected-token remain) ==
fn item_in_garbage() { : { fn g() {} }}
fn item_in_garbage_in_parens() {
    ({ : { fn g() {} }} )
}
fn closer_in_arguments() {
    (
        {
            g(
                a } x)} )
}
fn closer_in_parens() {
    (
        {
            (} x)} )
}
