== tree ==
SourceFile 0..1145
  FnItem 126..451
    Name 129..133 "main"
    ParamList 133..135 "()"
    Block 136..451
      LetStmt 142..164
        Name 146..151 "total"
        CallExpr 154..164
          NameRef 154..160 "sum_to"
          ArgList 160..164
            LiteralExpr 161..163 "10"
      LetStmt 169..186
        Name 177..182 "count"
        LiteralExpr 185..186 "0"
      AssignStmt 191..208
        NameRef 191..196 "count"
        BinaryExpr 199..208
          NameRef 199..204 "count"
          LiteralExpr 207..208 "1"
      DiscardStmt 213..237
        CallExpr 217..237
          NameRef 217..223 "report"
          ArgList 223..237
            NameRef 224..229 "total"
            NameRef 231..236 "count"
      IfExpr 242..449
        BinaryExpr 245..291
          BinaryExpr 245..278
            CallExpr 245..259
              NameRef 245..252 "is_even"
              ArgList 252..259
                NameRef 253..258 "total"
            PrefixExpr 263..278
              CallExpr 264..278
                NameRef 264..271 "is_zero"
                ArgList 271..278
                  NameRef 272..277 "count"
          BinaryExpr 282..291
            NameRef 282..287 "total"
            LiteralExpr 290..291 "0"
        Block 292..371
          CallExpr 302..365
            NameRef 302..306 "each"
            ArgList 306..365
              CallExpr 307..314
                NameRef 307..312 "names"
                ArgList 312..314 "()"
              ClosureExpr 316..364
                ParamList 318..324
                  Param 319..323
                    Name 319..323 "name"
                Block 325..364
                  DiscardStmt 339..354
                    CallExpr 343..354
                      NameRef 343..348 "greet"
                      ArgList 348..354
                        NameRef 349..353 "name"
        IfExpr 377..449
          BinaryExpr 380..392
            NameRef 380..385 "total"
            LiteralExpr 389..392 "100"
          Block 393..415
            ReturnStmt 403..409 "return"
          Block 421..449
            DiscardStmt 431..443
              CallExpr 435..443
                NameRef 435..440 "greet"
                ArgList 440..443
                  LiteralExpr 441..442 "0"
  FnItem 453..530
    Name 456..462 "sum_to"
    ParamList 462..470
      Param 463..469
        Name 463..464 "n"
        TypeRef 466..469 "int"
    TypeRef 474..477 "int"
    IfExpr 480..530
      BinaryExpr 483..489
        NameRef 483..484 "n"
        LiteralExpr 488..489 "0"
      Block 490..499
        LiteralExpr 496..497 "0"
      Block 505..530
        BinaryExpr 511..528
          NameRef 511..512 "n"
          CallExpr 515..528
            NameRef 515..521 "sum_to"
            ArgList 521..528
              BinaryExpr 522..527
                NameRef 522..523 "n"
                LiteralExpr 526..527 "1"
  FnItem 532..571
    Name 535..542 "is_even"
    ParamList 542..550
      Param 543..549
        Name 543..544 "n"
        TypeRef 546..549 "int"
    TypeRef 554..558 "bool"
    BinaryExpr 561..571
      BinaryExpr 561..566
        NameRef 561..562 "n"
        LiteralExpr 565..566 "2"
      LiteralExpr 570..571 "0"
  FnItem 573..608
    Name 576..583 "is_zero"
    ParamList 583..591
      Param 584..590
        Name 584..585 "n"
        TypeRef 587..590 "int"
    TypeRef 595..599 "bool"
    BinaryExpr 602..608
      NameRef 602..603 "n"
      LiteralExpr 607..608 "0"
  FnItem 610..780
    Name 613..619 "report"
    ParamList 619..643
      Param 620..630
        Name 620..625 "total"
        TypeRef 627..630 "int"
      Param 632..642
        Name 632..637 "count"
        TypeRef 639..642 "int"
    TypeRef 647..650 "int"
    Block 651..780
      LetStmt 657..693
        Name 661..667 "scaled"
        BinaryExpr 670..693
          ParenExpr 670..685
            BinaryExpr 671..684
              BinaryExpr 671..680
                NameRef 671..676 "total"
                LiteralExpr 679..680 "3"
              LiteralExpr 683..684 "1"
          NameRef 688..693 "count"
      LetStmt 698..765
        Name 702..709 "squared"
        Block 712..765
          LetStmt 722..739
            Name 726..730 "base"
            NameRef 733..739 "scaled"
          BinaryExpr 748..759
            NameRef 748..752 "base"
            NameRef 755..759 "base"
      PrefixExpr 770..778
        NameRef 771..778 "squared"
  FnItem 782..815
    Name 785..790 "greet"
    ParamList 790..801
      Param 791..800
        Name 791..795 "name"
        TypeRef 797..800 "int"
    TypeRef 805..808 "int"
    NameRef 811..815 "name"
  FnItem 817..840
    Name 820..825 "names"
    ParamList 825..827 "()"
    TypeRef 831..835 "unit"
    Block 838..840 "{}"
  FnItem 842..907
    Name 845..849 "each"
    ParamList 849..875
      Param 850..861
        Name 850..855 "items"
        TypeRef 857..861 "unit"
      Param 863..874
        Name 863..868 "visit"
        TypeRef 870..874 "unit"
    Block 876..907
      DiscardStmt 882..891
        NameRef 886..891 "items"
      DiscardStmt 896..905
        NameRef 900..905 "visit"
  FnItem 909..950
    Name 912..919 "compose"
    ParamList 919..935
      Param 920..926
        Name 920..921 "f"
        TypeRef 923..926 "int"
      Param 928..934
        Name 928..929 "g"
        TypeRef 931..934 "int"
    TypeRef 939..942 "int"
    BinaryExpr 945..950
      NameRef 945..946 "f"
      NameRef 949..950 "g"
  FnItem 952..996
    Name 955..960 "adder"
    ParamList 960..968
      Param 961..967
        Name 961..962 "x"
        TypeRef 964..967 "int"
    ClosureExpr 971..996
      ParamList 973..981
        Param 974..980
          Name 974..975 "y"
          TypeRef 977..980 "int"
      TypeRef 985..988 "int"
      BinaryExpr 991..996
        NameRef 991..992 "x"
        NameRef 995..996 "y"
  FnItem 998..1028
    Name 1001..1006 "thunk"
    ParamList 1006..1008 "()"
    ClosureExpr 1011..1028
      ParamList 1013..1015 "()"
      CallExpr 1018..1028
        NameRef 1018..1022 "work"
        ArgList 1022..1028
          LiteralExpr 1023..1024 "1"
          LiteralExpr 1026..1027 "2"
  FnItem 1030..1089
    Name 1033..1037 "work"
    ParamList 1037..1053
      Param 1038..1044
        Name 1038..1039 "a"
        TypeRef 1041..1044 "int"
      Param 1046..1052
        Name 1046..1047 "b"
        TypeRef 1049..1052 "int"
    TypeRef 1057..1061 "bool"
    BinaryExpr 1064..1089
      BinaryExpr 1064..1080
        BinaryExpr 1064..1070
          NameRef 1064..1065 "a"
          NameRef 1069..1070 "b"
        BinaryExpr 1074..1080
          NameRef 1074..1075 "a"
          NameRef 1079..1080 "b"
      BinaryExpr 1084..1089
        NameRef 1084..1085 "a"
        NameRef 1088..1089 "b"
  FnItem 1091..1104
    Name 1094..1099 "empty"
    ParamList 1099..1101 "()"
    Block 1102..1104 "{}"
  FnItem 1106..1144
    Name 1109..1119 "unit_value"
    ParamList 1119..1121 "()"
    TypeRef 1125..1129 "unit"
    Block 1130..1144
      ReturnStmt 1136..1142 "return"
