== tree ==
SourceFile! 0..53
  FnItem! 0..24
    Name 3..8 "colon"
    ParamList 8..10 "()"
    Block! 11..24
      NameRef 17..18 "x"
      Error! 19..22 ": 1"
  FnItem! 25..52
    Name 28..35 "keyword"
    ParamList 35..37 "()"
    Block! 38..52
      NameRef 44..45 "x"
      Error! 46..50 "else"

== evidence ==
ExpectedStatement at 19
ExpectedStatement at 46

== diagnostics ==
error[syntax/expected-statement] 2:7..2:8 ":": expected a statement
  at 2:7..2:10 ": 1": skipped while recovering
error[syntax/expected-statement] 4:7..4:11 "else": expected a statement
