== tree ==
SourceFile 0..492
  FnItem 0..316
    Name 3..9 "bounds"
    ParamList 9..11 "()"
    Block 12..316
      ForExpr 18..42
        Name 22..23 "i"
        NameRef 27..32 "lower"
        NameRef 34..39 "upper"
        Block 40..42 "{}"
      ForExpr 47..63
        Name 51..52 "i"
        LiteralExpr 56..57 "2"
        LiteralExpr 59..60 "7"
        Block 61..63 "{}"
      ForExpr 68..86
        Name 72..73 "i"
        PrefixExpr 77..79
          LiteralExpr 78..79 "2"
        PrefixExpr 81..83
          LiteralExpr 82..83 "1"
        Block 84..86 "{}"
      ForExpr 91..115
        Name 95..96 "i"
        BinaryExpr 100..105
          NameRef 100..101 "a"
          LiteralExpr 104..105 "2"
        BinaryExpr 107..112
          NameRef 107..108 "b"
          LiteralExpr 111..112 "3"
        Block 113..115 "{}"
      ForExpr 120..140
        Name 124..125 "i"
        ParenExpr 129..132
          LiteralExpr 130..131 "2"
        ParenExpr 134..137
          LiteralExpr 135..136 "7"
        Block 138..140 "{}"
      ForExpr 145..173
        Name 149..150 "i"
        CallExpr 154..161
          NameRef 154..159 "lower"
          ArgList 159..161 "()"
        CallExpr 163..170
          NameRef 163..168 "upper"
          ArgList 168..170 "()"
        Block 171..173 "{}"
      ForExpr 178..234
        Name 182..183 "i"
        IfExpr 187..208
          NameRef 190..191 "a"
          Block 192..197
            LiteralExpr 194..195 "2"
          Block 203..208
            LiteralExpr 205..206 "3"
        IfExpr 210..231
          NameRef 213..214 "b"
          Block 215..220
            LiteralExpr 217..218 "7"
          Block 226..231
            LiteralExpr 228..229 "8"
        Block 232..234 "{}"
      ForExpr 239..285
        Name 243..244 "i"
        ForExpr 248..264
          Name 252..253 "j"
          LiteralExpr 257..258 "0"
          LiteralExpr 260..261 "1"
          Block 262..264 "{}"
        ForExpr 266..282
          Name 270..271 "k"
          LiteralExpr 275..276 "2"
          LiteralExpr 278..279 "3"
          Block 280..282 "{}"
        Block 283..285 "{}"
      ForExpr 290..314
        Name 294..295 "i"
        Block 299..304
          LiteralExpr 301..302 "2"
        Block 306..311
          LiteralExpr 308..309 "7"
        Block 312..314 "{}"
  FnItem 318..491
    Name 321..330 "positions"
    ParamList 330..332 "()"
    ForExpr 335..491
      Name 339..340 "i"
      LiteralExpr 344..345 "2"
      LiteralExpr 347..348 "7"
      Block 349..491
        LetStmt 355..379
          Name 359..360 "x"
          ForExpr 363..379
            Name 367..368 "j"
            LiteralExpr 372..373 "0"
            NameRef 375..376 "i"
            Block 377..379 "{}"
        DiscardStmt 384..411
          CallExpr 388..411
            NameRef 388..393 "apply"
            ArgList 393..411
              ForExpr 394..410
                Name 398..399 "j"
                LiteralExpr 403..404 "0"
                NameRef 406..407 "i"
                Block 408..410 "{}"
        IfExpr 416..438
          ForExpr 419..435
            Name 423..424 "j"
            LiteralExpr 428..429 "0"
            NameRef 431..432 "i"
            Block 433..435 "{}"
          Block 436..438 "{}"
        ParenExpr 443..461
          ForExpr 444..460
            Name 448..449 "j"
            LiteralExpr 453..454 "0"
            NameRef 456..457 "i"
            Block 458..460 "{}"
        ReturnStmt 466..489
          ForExpr 473..489
            Name 477..478 "j"
            LiteralExpr 482..483 "0"
            NameRef 485..486 "i"
            Block 487..489 "{}"

== formatted ==
fn bounds() {
    for i in lower..upper {}
    for i in 2..7 {}
    for i in -2..-1 {}
    for i in a + 2..b * 3 {}
    for i in (2)..(7) {}
    for i in lower()..upper() {}
    for i in if a {
        2
    } else {
        3
    }..if b {
        7
    } else {
        8
    } {}
    for i in for j in 0..1 {}..for k in 2..3 {} {}
    for i in {
        2
    }..{
        7
    } {}
}

fn positions() = for i in 2..7 {
    let x = for j in 0..i {}
    _ = apply(for j in 0..i {})
    if for j in 0..i {} {}
    (for j in 0..i {})
    return for j in 0..i {}
}
