== tree ==
SourceFile! 0..22
  FnItem! 0..22
    Name 3..4 "f"
    ParamList 4..6 "()"
    Block! 7..22
      NameRef 9..10 "x"
      Error! 11..20 ": { a\nb }"

== evidence ==
ExpectedStatement at 11

== diagnostics ==
error[syntax/expected-statement] 1:12..1:13 ":": expected a statement
  at 1:12..2:4 ": { a\nb }": skipped while recovering
