file: accepted
frontend errors: 0 (see frontend.snap)
semantic errors: 0

fn climb@0..72 (int ∈ [0, 107]) -> int ∈ [101, 107]
  param n@9..10: int
  result: copy : int @20..23
    value: if : int @26..72
      condition: eager > : bool @29..36
        lhs: read n@9..10 : int
        rhs: int 100 : int @33..36
      then: read n@9..10 [n > 100 holds@29..36] : int
      else: call climb@0..72 : int @58..70
        arg[0]: eager + : int @64..69
          lhs: read n@9..10 [n > 100 fails@29..36] : int
          rhs: int 7 : int @68..69

fn climbed@73..103 () -> int ∈ [101, 107]
  result: copy : int @89..92
    value: call climb@0..72 : int @95..103
      arg[0]: int 0 : int @101..102

fn descend@104..178 (int ∈ [-2, 50]) -> int ∈ [-2, 2]
  param n@115..116: int
  result: copy : int @126..129
    value: if : int @132..178
      condition: eager < : bool @135..140
        lhs: read n@115..116 : int
        rhs: int 3 : int @139..140
      then: read n@115..116 [n < 3 holds@135..140] : int
      else: call descend@104..178 : int @162..176
        arg[0]: eager - : int @170..175
          lhs: read n@115..116 [n < 3 fails@135..140] : int
          rhs: int 5 : int @174..175

fn descended@179..214 () -> int ∈ [-2, 2]
  result: copy : int @197..200
    value: call descend@104..178 : int @203..214
      arg[0]: int 50 : int @211..213

fn lapped@215..302 (int ∈ [0, 1000], int ∈ [0, 1000]) -> int ∈ [0, 1000]
  param n@225..226: int
  param m@233..234: int
  result: copy : int @244..247
    value: if : int @250..302
      condition: eager < : bool @253..258
        lhs: read n@225..226 : int
        rhs: read m@233..234 : int
      then: call lapped@215..302 : int @265..285
        arg[0]: eager + : int @272..277
          lhs: read n@225..226 [n < m holds@253..258] : int
          rhs: int 1 : int @276..277
        arg[1]: eager - : int @279..284
          lhs: read m@233..234 [n < m holds@253..258] : int
          rhs: int 1 : int @283..284
      else: read n@225..226 [n < m fails@253..258] : int

fn laps@303..337 () -> int ∈ [0, 1000]
  result: copy : int @316..319
    value: call lapped@215..302 : int @322..337
      arg[0]: int 0 : int @329..330
      arg[1]: int 1000 : int @332..336

fn rise@338..406 (int ∈ [0, 7]) -> int ∈ [6, 7]
  param n@346..347: int
  result: copy : int @357..360
    value: if : int @363..406
      condition: eager > : bool @366..371
        lhs: read n@346..347 : int
        rhs: int 5 : int @370..371
      then: read n@346..347 [n > 5 holds@366..371] : int
      else: call rise@338..406 : int @393..404
        arg[0]: eager + : int @398..403
          lhs: read n@346..347 [n > 5 fails@366..371] : int
          rhs: int 2 : int @402..403

fn upto@407..486 (int ∈ [0, 11], int ∈ [9, 10]) -> int ∈ [10, 11]
  param n@415..416: int
  param k@423..424: int
  result: copy : int @434..437
    value: if : int @440..486
      condition: eager > : bool @443..448
        lhs: read n@415..416 : int
        rhs: read k@423..424 : int
      then: read n@415..416 [n > k holds@443..448] : int
      else: call upto@407..486 : int @470..484
        arg[0]: eager + : int @475..480
          lhs: read n@415..416 [n > k fails@443..448] : int
          rhs: int 1 : int @479..480
        arg[1]: read k@423..424 [n > k fails@443..448] : int

fn passed_through@487..536 () -> int ∈ [10, 11]
  result: copy : int @510..513
    value: call upto@407..486 : int @516..536
      arg[0]: int 0 : int @521..522
      arg[1]: eager + : int @524..535
        lhs: call rise@338..406 : int @524..531
          arg[0]: int 0 : int @529..530
        rhs: int 3 : int @534..535

fn same@537..563 (int ∈ [3, 6]) -> int ∈ [3, 6]
  param n@545..546: int
  result: copy : int @556..559
    value: read n@545..546 : int

fn compared@564..637 (int ∈ [1, 2]) -> int ∈ [0, 0]
  param a@576..577: int
  result: copy : int @587..590
    value: if : int @593..637
      condition: eager == : bool @596..612
        lhs: call same@537..563 : int @596..607
          arg[0]: eager * : int @601..606
            lhs: read a@576..577 : int
            rhs: int 3 : int @605..606
        rhs: read a@576..577 : int
      then: int 1 : int @619..620
      else: int 0 : int @634..635

fn compareds@638..687 () -> int ∈ [0, 0]
  result: copy : int @656..659
    value: eager + : int @662..687
      lhs: call compared@564..637 : int @662..673
        arg[0]: int 1 : int @671..672
      rhs: call compared@564..637 : int @676..687
        arg[0]: int 2 : int @685..686

fn climb_compared@688..768 (int ∈ [1, 2]) -> int ∈ [0, 0]
  param a@706..707: int
  result: copy : int @717..720
    value: if : int @723..768
      condition: eager == : bool @726..743
        lhs: call climb@0..72 : int @726..738
          arg[0]: eager * : int @732..737
            lhs: read a@706..707 : int
            rhs: int 3 : int @736..737
        rhs: read a@706..707 : int
      then: int 1 : int @750..751
      else: int 0 : int @765..766

fn climbs_compared@769..836 () -> int ∈ [0, 0]
  result: copy : int @793..796
    value: eager + : int @799..836
      lhs: call climb_compared@688..768 : int @799..816
        arg[0]: int 1 : int @814..815
      rhs: call climb_compared@688..768 : int @819..836
        arg[0]: int 2 : int @834..835

fn relay@837..1102 (int ∈ [0, 107]) -> int ∈ [101, 107]
  param n@846..847: int
  result: copy : int @857..860
    value:
      let a@871..872: int @867..881
        initializer: read n@846..847 : int
      let b@890..891: int @886..900
        initializer: read a@871..872 : int
      let c@909..910: int @905..919
        initializer: read b@890..891 : int
      let d@928..929: int @924..938
        initializer: read c@909..910 : int
      let e@947..948: int @943..957
        initializer: read d@928..929 : int
      let f@966..967: int @962..976
        initializer: read e@947..948 : int
      let g@985..986: int @981..995
        initializer: read f@966..967 : int
      let h@1004..1005: int @1000..1014
        initializer: read g@985..986 : int
      let i@1023..1024: int @1019..1033
        initializer: read h@1004..1005 : int
      tail: if : int @1038..1100
        condition: eager > : bool @1041..1048
          lhs: read i@1023..1024 : int
          rhs: int 100 : int @1045..1048
        then: read i@1023..1024 [i > 100 holds@1041..1048] : int
        else: call relay@837..1102 : int @1082..1094
          arg[0]: eager + : int @1088..1093
            lhs: read i@1023..1024 [i > 100 fails@1041..1048] : int
            rhs: int 7 : int @1092..1093

fn relayed@1103..1133 () -> int ∈ [101, 107]
  result: copy : int @1119..1122
    value: call relay@837..1102 : int @1125..1133
      arg[0]: int 0 : int @1131..1132
