file: rejected
frontend errors: 0 (see frontend.snap)
semantic errors: 15

fn value@0..21 () -> int ∈ [1, 1]
  result: copy : int @14..17
    value: int 1 : int @20..21

fn action@22..36 () -> unit ∈ unit
  result: copy : unit @22..36
    value: unit : unit @34..36

fn accepted@37..197 () -> int ∈ [1, 1]
  result: copy : int @54..57
    value:
      let u@68..69: unit @64..80
        initializer: call action@22..36 : unit @72..80
      discard: read u@68..69 : unit
      discard: read u@68..69 : unit
      discard: call action@22..36 : unit @99..107
      discard: call action@22..36 : unit @113..121
      discard: unit : unit @127..129
      discard: if : unit @134..144
        condition: bool true : bool @137..141
        then: unit : unit @142..144
        else: unit (implicit)
      discard: call value@0..21 : int @153..160
      discard: bool true : bool @169..173
      tail: call value@0..21 : int @188..195

fn rejected@198..376 () -> int ∈ [0, 0]
  result: copy : int @215..218
    value:
      let x@229..230: int @225..234
        initializer: int 1 : int @233..234
      discard: read x@229..230 : int
      discard: read x@229..230 : int
      discard: eager + : int @253..258
        lhs: int 1 : int @253..254
        rhs: int 2 : int @257..258
      discard: bool true : bool @263..267
      discard: call value@0..21 : int @272..279
      discard: call value@0..21 : int @285..292
      discard: int 1 : int @308..309
      discard: if : int @320..368
        condition: bool true : bool @323..327
        then: int 1 : int @338..339
        else: int 2 : int @361..362
      tail: int 0 : int @373..374

fn failed_expressions@377..469 () -> unit ∈ unit
  result: copy : unit @377..469
    value:
      discard: hole : ? @407..414
      discard: eager + : int @419..427
        lhs: int 1 : int @419..420
        rhs: bool true : ? @423..427
      discard: if : unit @432..457
        condition: bool true : bool @435..439
        then: int 1 : ? @450..451
        else: unit (implicit)
      discard: int 0 : int @466..467
      tail: unit : unit @401..469

fn nested_failure@470..541 () -> unit ∈ unit
  result: copy : unit @470..541
    value:
      discard: call value@0..21 : int @506..513
      discard: int 2 : int @522..523
      discard: int 0 : int @538..539
      tail: unit : unit @490..541

fn tail_requires_unit@542..581 () -> unit ∈ ∅
  result: copy : unit @542..581
    value: call value@0..21 : ? @572..579

== semantic diagnostics ==
error[semantic/unused-value]: unused value of type int; use `_ =` to discard it
  primary @239..240
error[semantic/unused-value]: unused value of type int; use `_ =` to discard it
  primary @245..248
error[semantic/unused-value]: unused value of type int; use `_ =` to discard it
  primary @253..258
error[semantic/unused-value]: unused value of type bool; use `_ =` to discard it
  primary @263..267
error[semantic/unused-value]: unused value of type int; use `_ =` to discard it
  primary @272..279
error[semantic/unused-value]: unused value of type int; use `_ =` to discard it
  primary @284..293
error[semantic/unused-value]: unused value of type int; use `_ =` to discard it
  primary @298..315
error[semantic/unused-value]: unused value of type int; use `_ =` to discard it
  primary @320..368
error[semantic/unknown-name]: unknown name `missing`
  primary @407..414
error[semantic/unused-value]: unused value of type int; use `_ =` to discard it
  primary @419..427
error[semantic/type-mismatch]: expected int, found bool
  primary @423..427
error[semantic/type-mismatch]: expected unit, found int
  primary @440..457
error[semantic/unused-value]: unused value of type int; use `_ =` to discard it
  primary @496..529
error[semantic/unused-value]: unused value of type int; use `_ =` to discard it
  primary @506..513
error[semantic/type-mismatch]: expected unit, found int
  primary @566..581
  secondary @542..581: declared here
