== tree ==
SourceFile 0..442
  FnItem 0..59
    Name 3..14 "dead_branch"
    ParamList 14..16 "()"
    TypeRef 20..23 "int"
    IfExpr 26..59
      LiteralExpr 29..34 "false"
      Block 35..44
        LiteralExpr 41..42 "1"
      Block 50..59
        LiteralExpr 56..57 "2"
  FnItem 60..102
    Name 63..71 "dead_rhs"
    ParamList 71..73 "()"
    TypeRef 77..81 "bool"
    BinaryExpr 84..102
      LiteralExpr 84..89 "false"
      CallExpr 93..102
        NameRef 93..99 "absent"
        ArgList 99..102
          LiteralExpr 100..101 "1"
  FnItem 103..136
    Name 106..112 "absent"
    ParamList 112..120
      Param 113..119
        Name 113..114 "n"
        TypeRef 116..119 "int"
    TypeRef 124..128 "bool"
    BinaryExpr 131..136
      NameRef 131..132 "n"
      LiteralExpr 135..136 "0"
  FnItem 137..238
    Name 140..146 "nested"
    ParamList 146..148 "()"
    TypeRef 152..155 "int"
    IfExpr 158..238
      LiteralExpr 161..165 "true"
      Block 166..223
        IfExpr 172..221
          LiteralExpr 175..180 "false"
          Block 181..198
            LiteralExpr 191..192 "1"
          Block 204..221
            LiteralExpr 214..215 "2"
      Block 229..238
        LiteralExpr 235..236 "3"
  FnItem 239..269
    Name 242..250 "uncalled"
    ParamList 250..258
      Param 251..257
        Name 251..252 "n"
        TypeRef 254..257 "int"
    TypeRef 262..265 "int"
    NameRef 268..269 "n"
  FnItem 270..298
    Name 273..279 "called"
    ParamList 279..287
      Param 280..286
        Name 280..281 "n"
        TypeRef 283..286 "int"
    TypeRef 291..294 "int"
    NameRef 297..298 "n"
  FnItem 299..329
    Name 302..308 "caller"
    ParamList 308..310 "()"
    TypeRef 314..317 "int"
    CallExpr 320..329
      NameRef 320..326 "called"
      ArgList 326..329
        LiteralExpr 327..328 "5"
  FnItem 330..374
    Name 333..346 "uncalled_unit"
    ParamList 346..363
      Param 347..354
        Name 347..348 "u"
        TypeRef 350..354 "unit"
      Param 356..362
        Name 356..357 "n"
        TypeRef 359..362 "int"
    TypeRef 367..370 "int"
    NameRef 373..374 "n"
  FnItem 375..414
    Name 378..395 "constant_uncalled"
    ParamList 395..403
      Param 396..402
        Name 396..397 "n"
        TypeRef 399..402 "int"
    TypeRef 407..410 "int"
    LiteralExpr 413..414 "7"
  FnItem 415..441
    Name 418..423 "plain"
    ParamList 423..425 "()"
    Block 428..441
      DiscardStmt 434..439
        LiteralExpr 438..439 "1"
