== tree ==
SourceFile! 0..23
  FnItem! 0..23
    Name 3..6 "foo"
    ParamList 6..8 "()"
    Error! 9..17 "-) > int"
    Block 18..23
      NameRef 20..21 "b"

== evidence ==
ExpectedBody at 9

== diagnostics ==
error[syntax/expected-body] 1:10: expected a body, `{` or `=`
  at 1:10..1:18 "-) > int": skipped while recovering
