== tree ==
SourceFile 0..110
  FnItem 0..109
    Name 3..4 "f"
    ParamList 4..6 "()"
    TypeRef 10..13 "int"
    Block 14..109
      CallExpr 20..23
        NameRef 20..21 "g"
        ArgList 21..23 "()"
      IfExpr 28..52
        NameRef 31..32 "c"
        Block 33..52
          CallExpr 43..46
            NameRef 43..44 "h"
            ArgList 44..46 "()"
      Block 57..76
        CallExpr 67..70
          NameRef 67..68 "k"
          ArgList 68..70 "()"
      ClosureExpr 81..90
        ParamList 83..86
          Param 84..85
            Name 84..85 "x"
        NameRef 89..90 "x"
      BinaryExpr 95..100
        NameRef 95..96 "a"
        NameRef 99..100 "b"
      LiteralExpr 105..107 "42"
