file: rejected
frontend errors: 0 (see frontend.snap)
semantic errors: 6

fn f@0..95 () -> int ∈ [42, 42]
  result: copy : int @10..13
    value:
      discard: hole : ? @20..23
      discard: if : ? @28..52
        condition: hole : ? @31..32
        then: hole : ? @43..46
        else: unit (implicit)
      discard: hole : ? @67..70
      discard: eager + : ? @81..86
        lhs: hole : ? @81..82
        rhs: hole : ? @85..86
      tail: int 42 : int @91..93

== semantic diagnostics ==
error[semantic/unknown-name]: unknown function `g`
  primary @20..21
error[semantic/unknown-name]: unknown name `c`
  primary @31..32
error[semantic/unknown-name]: unknown function `h`
  primary @43..44
error[semantic/unknown-name]: unknown function `k`
  primary @67..68
error[semantic/unknown-name]: unknown name `a`
  primary @81..82
error[semantic/unknown-name]: unknown name `b`
  primary @85..86
