file: rejected
frontend errors: 0 (see frontend.snap)
semantic errors: 7

== graph ==
fn f@1:1..11:2 () -> int ∈ [42, 42]
  result: copy : int @1:11..1:14
    value:
      discard: hole : ? @2:5..2:8
      discard: if : ? @3:5..5:6
        condition: hole : ? @3:8..3:9
        then: hole : ? @4:9..4:12
        else: unit (implicit)
      discard: hole : ? @7:9..7:12
      discard: eager + : int @9:5..9:10
        lhs: hole : ? @9:5..9:6
        rhs: hole : ? @9:9..9:10
      tail: int 42 : int @10:5..10:7

== semantic diagnostics ==
error[semantic/unknown-name] 2:5..2:6 "g": unknown function `g`
error[semantic/unknown-name] 3:8..3:9 "c": unknown name `c`
error[semantic/unknown-name] 4:9..4:10 "h": unknown function `h`
error[semantic/unknown-name] 7:9..7:10 "k": unknown function `k`
error[semantic/unknown-name] 9:5..9:6 "a": unknown name `a`
error[semantic/unused-value] 9:5..9:10 "a + b": unused value of type int; use `_ =` to discard it
error[semantic/unknown-name] 9:9..9:10 "b": unknown name `b`
