== tree ==
SourceFile 0..243
  FnItem 121..242
    Name 124..128 "card"
    ParamList 128..152
      Param 129..139
        Name 129..134 "width"
        TypeRef 136..139 "int"
      Param 141..151
        Name 141..146 "color"
        TypeRef 148..151 "str"
    TypeRef 156..159 "str"
    InterpolatedString 162..242
      Hole 194..201
        NameRef 195..200 "width"
      Hole 220..227
        NameRef 221..226 "color"
