== tree ==
SourceFile 0..259
  FnItem 123..166
    Name 126..127 "a"
    ParamList 127..129 "()"
    IfExpr 132..166
      LiteralExpr 135..139 "true"
      Block 140..149
        LiteralExpr 146..147 "1"
      Block 155..166
        CallExpr 161..164
          NameRef 161..162 "b"
          ArgList 162..164 "()"
  FnItem 167..213
    Name 170..171 "b"
    ParamList 171..173 "()"
    IfExpr 176..213
      LiteralExpr 179..183 "true"
      Block 184..196
        LiteralExpr 190..194 "true"
      Block 202..213
        CallExpr 208..211
          NameRef 208..209 "c"
          ArgList 209..211 "()"
  FnItem 214..258
    Name 217..218 "c"
    ParamList 218..220 "()"
    IfExpr 223..258
      LiteralExpr 226..230 "true"
      Block 231..241
        Block 237..239 "{}"
      Block 247..258
        CallExpr 253..256
          NameRef 253..254 "a"
          ArgList 254..256 "()"
