file: rejected
frontend errors: 0 (see frontend.snap)
semantic errors: 3

fn a@123..166 signature: unavailable
  body: if : ? @132..166
    condition: bool true : bool @135..139
    then: int 1 : int @146..147
    else: call b@167..213 : ? @161..164

fn b@167..213 signature: unavailable
  body: if : ? @176..213
    condition: bool true : bool @179..183
    then: bool true : bool @190..194
    else: call c@214..258 : ? @208..211

fn c@214..258 signature: unavailable
  body: if : ? @223..258
    condition: bool true : bool @226..230
    then: unit : unit @237..239
    else: call a@123..166 : ? @253..256

== semantic diagnostics ==
error[semantic/cannot-infer]: function result is both int, bool, and unit; add a return type annotation
  primary @123..166
  secondary @146..147: int here
  secondary @161..164: bool here
  secondary @161..164: unit here
error[semantic/cannot-infer]: function result is both bool, int, and unit; add a return type annotation
  primary @167..213
  secondary @190..194: bool here
  secondary @208..211: int here
  secondary @208..211: unit here
error[semantic/cannot-infer]: function result is both unit, int, and bool; add a return type annotation
  primary @214..258
  secondary @237..239: unit here
  secondary @253..256: int here
  secondary @253..256: bool here
