file: accepted
frontend errors: 0 (see frontend.snap)
semantic errors: 0

fn even@0..64 (int ∈ [0, 4]) -> bool ∈ {true, false}
  param n@8..9: int
  result: copy : bool @19..23
    value: if : bool @26..64
      condition: eager == : bool @29..35
        lhs: read n@8..9 : int
        rhs: int 0 : int @34..35
      then: bool true : bool @38..42
      else: call odd@65..130 : bool @52..62
        arg[0]: eager - : int @56..61
          lhs: read n@8..9 [n == 0 fails@29..35] : int
          rhs: int 1 : int @60..61

fn odd@65..130 (int ∈ [0, 3]) -> bool ∈ {true, false}
  param n@72..73: int
  result: copy : bool @83..87
    value: if : bool @90..130
      condition: eager == : bool @93..99
        lhs: read n@72..73 : int
        rhs: int 0 : int @98..99
      then: bool false : bool @102..107
      else: call even@0..64 : bool @117..128
        arg[0]: eager - : int @122..127
          lhs: read n@72..73 [n == 0 fails@93..99] : int
          rhs: int 1 : int @126..127

fn safe@131..183 () -> bool ∈ {true, false}
  result: copy : bool @144..148
    value: lazy or : bool @151..183
      lhs: lazy and : bool @151..172
        lhs: bool false : bool @151..156
        rhs: eager == : bool @161..171
          lhs: eager / : int @161..166
            lhs: int 1 : int @161..162
            rhs: int 0 : int @165..166
          rhs: int 0 : int @170..171
      rhs: call even@0..64 : bool @176..183
        arg[0]: int 4 : int @181..182

fn maybe@184..223 (bool ∈ ∅) -> unit ∈ ∅
  param b@193..194: bool
  body: if : unit @204..223
    condition: read b@193..194 : bool
    then:
      discard: call safe@131..183 : bool @215..221
      tail: unit : unit @209..223
    else: unit (implicit)
