file: accepted
frontend errors: 0 (see frontend.snap)
semantic errors: 0

fn even@0..72 (int ∈ [0, 4]) -> bool ∈ {true, false}
  param n@8..9: int
  result: copy : bool @19..23
    value: if : bool @26..72
      condition: eager == : bool @29..35
        lhs: read n@8..9 : int
        rhs: int 0 : int @34..35
      then: bool true : bool @42..46
      else: call odd@73..146 : bool @60..70
        arg[0]: eager - : int @64..69
          lhs: read n@8..9 [n == 0 fails@29..35] : int
          rhs: int 1 : int @68..69

fn odd@73..146 (int ∈ [0, 3]) -> bool ∈ {true, false}
  param n@80..81: int
  result: copy : bool @91..95
    value: if : bool @98..146
      condition: eager == : bool @101..107
        lhs: read n@80..81 : int
        rhs: int 0 : int @106..107
      then: bool false : bool @114..119
      else: call even@0..72 : bool @133..144
        arg[0]: eager - : int @138..143
          lhs: read n@80..81 [n == 0 fails@101..107] : int
          rhs: int 1 : int @142..143

fn safe@147..199 () -> bool ∈ {true, false}
  result: copy : bool @160..164
    value: lazy or : bool @167..199
      lhs: lazy and : bool @167..188
        lhs: bool false : bool @167..172
        rhs: eager == : bool @177..187
          lhs: eager / : int @177..182
            lhs: int 1 : int @177..178
            rhs: int 0 : int @181..182
          rhs: int 0 : int @186..187
      rhs: call even@0..72 : bool @192..199
        arg[0]: int 4 : int @197..198

fn maybe@200..243 (bool ∈ ∅) -> unit ∈ ∅
  param b@209..210: bool
  body: if : unit @220..243
    condition: read b@209..210 : bool
    then:
      discard: call safe@147..199 : bool @235..241
      tail: unit : unit @225..243
    else: unit (implicit)

fn spin@244..298 (int ∈ [0, 3]) -> unit ∈ unit
  param n@252..253: int
  result: copy : unit @263..267
    value: if : unit @270..298
      condition: eager > : bool @273..278
        lhs: read n@252..253 : int
        rhs: int 0 : int @277..278
      then: call spin@244..298 : unit @285..296
        arg[0]: eager - : int @290..295
          lhs: read n@252..253 [n > 0 holds@273..278] : int
          rhs: int 1 : int @294..295
      else: unit (implicit)

fn spins@299..319 () -> unit ∈ unit
  body: call spin@244..298 : unit @312..319
    arg[0]: int 3 : int @317..318

== semantic diagnostics ==
warning[semantic/constant-condition]: condition is always false
  primary @167..188
