== tree ==
SourceFile! 0..80
  FnItem! 0..79
    Name 3..4 "f"
    ParamList 4..6 "()"
    Block! 7..79
      LetStmt! 13..27
        Name 17..18 "g"
        ClosureExpr! 21..27
          Error! 24..27 "= 1"
      LetStmt! 32..48
        Name 36..37 "h"
        ClosureExpr! 40..48
          Error! 43..48 "x = 2"
      LetStmt! 53..63
        Name 57..58 "i"
        ClosureExpr! 61..63 "fn"
      LetStmt 68..77
        Name 72..73 "j"
        LiteralExpr 76..77 "3"

== evidence ==
Expected(LParen) at 24
ExpectedBody at 32
Expected(LParen) at 43
ExpectedBody at 53
Expected(LParen) at 68
ExpectedBody at 68

== diagnostics ==
error[syntax/expected-token] 2:16: expected `(`
  at 2:16..2:19 "= 1": skipped while recovering
error[syntax/expected-body] 3:5: expected a body, `{` or `=`
error[syntax/expected-token] 3:16: expected `(`
  at 3:16..3:21 "x = 2": skipped while recovering
error[syntax/expected-body] 4:5: expected a body, `{` or `=`
error[syntax/expected-token] 5:5: expected `(`
error[syntax/expected-body] 5:5: expected a body, `{` or `=`
