== tree ==
SourceFile 1:1..10:1
  FnItem 1:1..9:2
    Name 1:4..1:12 "bindings"
    ParamList 1:12..1:14 "()"
    Block 1:15..9:2
      LetStmt 2:5..3:14
        Name 3:5..3:10 "plain"
        LiteralExpr 3:13..3:14 "1"
      LetStmt 4:5..6:16
        Name 6:5..6:12 "mutable"
        LiteralExpr 6:15..6:16 "2"
      LetStmt 7:5..8:18
        Name 8:5..8:14 "commented"
        LiteralExpr 8:17..8:18 "3"

== evidence ==
BindingNameOnNextLine at 3:5
BindingNameOnNextLine at 6:5
BindingNameOnNextLine at 8:5

== diagnostics ==
error[syntax/binding-name-on-next-line] 3:5..3:10 "plain": binding name must be on the same line as `let`
error[syntax/binding-name-on-next-line] 6:5..6:12 "mutable": binding name must be on the same line as `let`
error[syntax/binding-name-on-next-line] 8:5..8:14 "commented": binding name must be on the same line as `let`

== formatted ==
remaining: BindingNameOnNextLine

fn bindings() {
    let plain = 1
    let mut mutable = 2
    let // why
    commented = 3
}
