== tree ==
SourceFile! 1:1..18:1
  FnItem! 1:1..1:32
    Error! 1:4..1:5 "}"
    Name 1:6..1:24 "closer_before_name"
    ParamList 1:24..1:26 "()"
    Block 1:27..1:32
      NameRef 1:29..1:30 "x"
  FnItem! 2:1..2:9
    ParamList 2:4..2:6 "()"
    Block 2:7..2:9 "{}"
  FnItem! 3:1..3:24
    Name 3:4..3:11 "doubled"
    Error! 3:12..3:19 "doubled"
    ParamList 3:19..3:21 "()"
    Block 3:22..3:24 "{}"
  FnItem! 4:1..4:26
    Name 4:4..4:19 "unopened_params"
    Error! 4:19..4:20 ")"
    Block 4:21..4:26
      NameRef 4:23..4:24 "a"
  FnItem! 5:1..5:24
    Name 5:4..5:17 "brace_in_name"
    Error! 5:17..5:18 "{"
    ParamList 5:19..5:21 "()"
    Block 5:22..5:24 "{}"
  FnItem! 6:1..6:29
    Name 6:4..6:19 "brace_in_params"
    ParamList! 6:19..6:23
      Error! 6:20..6:21 "{"
    Block 6:24..6:29
      NameRef 6:26..6:27 "x"
  FnItem! 7:1..7:37
    Name 7:4..7:20 "word_before_body"
    ParamList 7:20..7:22 "()"
    TypeRef 7:26..7:29 "int"
    Error! 7:30..7:31 "x"
    Block 7:32..7:37
      NameRef 7:34..7:35 "y"
  FnItem! 8:1..8:33
    Name 8:4..8:16 "broken_arrow"
    ParamList 8:16..8:18 "()"
    Error! 8:19..8:27 "-) > int"
    Block 8:28..8:33
      NameRef 8:30..8:31 "b"
  FnItem! 9:1..9:31
    Name 9:4..9:21 "paren_before_body"
    ParamList 9:21..9:23 "()"
    Error! 9:24..9:25 "("
    Block 9:26..9:31
      NameRef 9:28..9:29 "x"
  FnItem! 10:1..10:17
    Name 10:1..10:9 "headless"
    ParamList 10:9..10:11 "()"
    Block 10:12..10:17
      NameRef 10:14..10:15 "x"
  Error! 11:1..11:8 "call(2)"
  FnItem 12:1..12:21
    Name 12:4..12:16 "after_a_call"
    ParamList 12:16..12:18 "()"
    Block 12:19..12:21 "{}"
  FnItem! 13:1..13:15
    Name 13:4..13:11 "no_body"
    ParamList 13:11..13:13 "()"
    Error! 13:14..13:15 "x"
  FnItem! 14:1..14:25
    Name 14:4..14:23 "operator_after_name"
    Error! 14:24..14:25 "+"
  Error! 15:1..15:9 "() { x }"
  FnItem! 16:1..17:10
    Name 16:1..16:16 "headless_result"
    ParamList 16:16..16:18 "()"
    TypeRef 17:4..17:7 "int"
    Block 17:8..17:10 "{}"

== evidence ==
ExpectedName at 1:4
ExpectedName at 2:4
Expected(LParen) at 3:12
Expected(LParen) at 4:19
Expected(LParen) at 5:17
ExpectedName at 6:20
ExpectedBody at 7:30
ExpectedBody at 8:19
ExpectedBody at 9:24
Expected(FnKw) at 10:1
ExpectedItem at 11:1
ExpectedBody at 13:14
Expected(LParen) at 14:24
ExpectedBody at 15:1
ExpectedItem at 15:1
Expected(FnKw) at 16:1

== diagnostics ==
error[syntax/expected-name] 1:4: expected a name
  at 1:4..1:5 "}": skipped while recovering
error[syntax/expected-name] 2:4: expected a name
error[syntax/expected-token] 3:12: expected `(`
  at 3:12..3:19 "doubled": skipped while recovering
error[syntax/expected-token] 4:19: expected `(`
  at 4:19..4:20 ")": skipped while recovering
error[syntax/expected-token] 5:17: expected `(`
  at 5:17..5:18 "{": skipped while recovering
error[syntax/expected-name] 6:20..6:21 "{": expected a name
error[syntax/expected-body] 7:30: expected a body, `{` or `=`
  at 7:30..7:31 "x": skipped while recovering
error[syntax/expected-body] 8:19: expected a body, `{` or `=`
  at 8:19..8:27 "-) > int": skipped while recovering
error[syntax/expected-body] 9:24: expected a body, `{` or `=`
  at 9:24..9:25 "(": skipped while recovering
error[syntax/expected-token] 10:1: expected `fn`
error[syntax/expected-item] 11:1..11:5 "call": expected a function item
  at 11:1..11:8 "call(2)": skipped while recovering
error[syntax/expected-body] 13:14: expected a body, `{` or `=`
  at 13:14..13:15 "x": skipped while recovering
error[syntax/expected-token] 14:24: expected `(`
  at 14:24..14:25 "+": skipped while recovering
error[syntax/expected-body] 15:1: expected a body, `{` or `=`
error[syntax/expected-item] 15:1..15:2 "(": expected a function item
  at 15:1..15:9 "() { x }": skipped while recovering
error[syntax/expected-token] 16:1: expected `fn`

== formatted ==
fn } closer_before_name() {
    x
}
fn () {}
fn doubled doubled() {}
fn unopened_params) {
    a
}
fn brace_in_name{ () {}
fn brace_in_params({ ) {
    x
}
fn word_before_body() -> int x {
    y
}
fn broken_arrow() -) > int {
    b
}
fn paren_before_body() ( {
    x
}
headless() {
    x
}
call(2)
fn after_a_call() {}
fn no_body() x
fn operator_after_name +
() { x }
headless_result() -> int {}
