== tree ==
SourceFile! 0..75
  FnItem 0..14
    Name 3..8 "value"
    ParamList 8..10 "()"
    LiteralExpr 13..14 "1"
  Error! 15..16 "x"
  FnItem! 17..32
    Name 17..18 "g"
    ParamList 18..26
      Param 19..25
        Name 19..20 "y"
        TypeRef 22..25 "int"
    Block 27..32
      NameRef 29..30 "y"
  FnItem! 33..54
    Name 36..43 "bare_fn"
    ParamList 43..45 "()"
    BinaryExpr! 48..54
      LiteralExpr 48..49 "0"
      ClosureExpr! 52..54 "fn"
  Error! 55..58 "\"s\""
  FnItem! 59..74
    Name 59..60 "h"
    ParamList 60..68
      Param 61..67
        Name 61..62 "y"
        TypeRef 64..67 "int"
    Block 69..74
      NameRef 71..72 "y"

== evidence ==
ExpectedItem at 15
Expected(FnKw) at 17
Expected(LParen) at 55
ExpectedBody at 55
ExpectedItem at 55
Expected(FnKw) at 59

== diagnostics ==
error[syntax/expected-item] 2:1..2:2 "x": expected a function item
error[syntax/expected-token] 2:3: expected `fn`
error[syntax/expected-token] 4:1: expected `(`
error[syntax/expected-body] 4:1: expected a body, `{` or `=`
error[syntax/expected-item] 4:1..4:4 "\"s\"": expected a function item
error[syntax/expected-token] 4:5: expected `fn`

== formatted ==
fn value() = 1
x g(y: int) {
    y
}
fn bare_fn() = 0 + fn
"s" h(y: int) {
    y
}
