== tree ==
SourceFile! 1:1..15:1
  FnItem! 1:1..4:6
    Name 1:4..1:15 "inner_block"
    ParamList 1:15..1:17 "()"
    TypeRef 1:21..1:24 "int"
    Block! 1:25..4:6
      Block 2:5..4:6
        NameRef 3:9..3:10 "b"
  FnItem 6:1..6:15
    Name 6:4..6:10 "next_a"
    ParamList 6:10..6:12 "()"
    Block 6:13..6:15 "{}"
  FnItem! 7:1..9:10
    Name 7:4..7:11 "if_body"
    ParamList 7:11..7:13 "()"
    Block! 7:14..9:10
      IfExpr! 8:5..9:10
        NameRef 8:8..8:9 "c"
        Block! 8:10..9:10
          NameRef 9:9..9:10 "x"
  FnItem 10:1..10:15
    Name 10:4..10:10 "next_b"
    ParamList 10:10..10:12 "()"
    Block 10:13..10:15 "{}"
  FnItem! 11:1..12:6
    Name 11:4..11:21 "after_a_statement"
    ParamList 11:21..11:23 "()"
    Block! 11:24..12:6
      NameRef 12:5..12:6 "x"
  FnItem 12:7..12:21
    Name 12:10..12:16 "next_c"
    ParamList 12:16..12:18 "()"
    Block 12:19..12:21 "{}"
  FnItem! 13:1..13:23
    Name 13:4..13:17 "after_garbage"
    ParamList 13:17..13:19 "()"
    Block! 13:20..13:23
      Error! 13:22..13:23 ":"
  FnItem 13:24..13:38
    Name 13:27..13:33 "next_d"
    ParamList 13:33..13:35 "()"
    Block 13:36..13:38 "{}"
  FnItem! 14:1..14:52
    Name 14:4..14:29 "after_garbage_then_closed"
    ParamList 14:29..14:31 "()"
    Block! 14:32..14:52
      Error! 14:34..14:50 ": fn next_e() {}"

== evidence ==
Expected(RBrace) at 6:1
Expected(RBrace) at 10:1
Expected(RBrace) at 10:1
Expected(RBrace) at 12:7
FunctionItemOnSameLine at 12:7
ExpectedStatement at 13:22
Expected(RBrace) at 13:24
FunctionItemOnSameLine at 13:24
ExpectedStatement at 14:34

== diagnostics ==
error[syntax/expected-token] 6:1: expected `}`
  at 1:25..1:26 "{": opening delimiter is here
  fix: insert `}`
    4:6 -> "}"
error[syntax/expected-token] 10:1: expected `}`
  at 8:10..8:11 "{": opening delimiter is here
  fix: insert `}`
    9:10 -> "}"
error[syntax/expected-token] 10:1: expected `}`
  at 7:14..7:15 "{": opening delimiter is here
error[syntax/expected-token] 12:7: expected `}`
  at 11:24..11:25 "{": opening delimiter is here
  fix: insert `}`
    12:6 -> "}"
error[syntax/function-item-on-same-line] 12:7..12:9 "fn": function item must begin on a new line
error[syntax/expected-statement] 13:22..13:23 ":": expected a statement
error[syntax/expected-token] 13:24: expected `}`
  at 13:20..13:21 "{": opening delimiter is here
  fix: insert `}`
    13:23 -> "}"
error[syntax/function-item-on-same-line] 13:24..13:26 "fn": function item must begin on a new line
error[syntax/expected-statement] 14:34..14:35 ":": expected a statement
  at 14:34..14:50 ": fn next_e() {}": skipped while recovering

== fixed (syntax/expected-statement, syntax/expected-token, syntax/function-item-on-same-line remain) ==
fn inner_block() -> int {
    {
        b
    }}

fn next_a() {}
fn if_body() {
    if c {
        x}
fn next_b() {}
fn after_a_statement() {
    x} fn next_c() {}
fn after_garbage() { :} fn next_d() {}
fn after_garbage_then_closed() { : fn next_e() {} }
