== tree ==
SourceFile 0..49
  FnItem 0..48
    Name 3..4 "f"
    ParamList 4..6 "()"
    Block 7..48
      LetStmt 13..26
        Name 21..22 "x"
        LiteralExpr 25..26 "0"
      AssignStmt 31..36
        NameRef 31..32 "x"
        LiteralExpr 35..36 "1"
      DiscardStmt 41..46
        NameRef 45..46 "x"
