== tree ==
SourceFile! 1:1..18:1
  FnItem! 1:1..4:2
    Name 1:4..1:11 "binding"
    ParamList 1:11..1:13 "()"
    Block! 1:14..4:2
      LetStmt! 2:5..2:10
        Name 2:9..2:10 "x"
      Error! 3:5..3:8 "= 1"
  FnItem! 5:1..8:2
    Name 5:4..5:14 "assignment"
    ParamList 5:14..5:16 "()"
    Block! 5:17..8:2
      NameRef 6:5..6:6 "x"
      Error! 7:5..7:8 "= 1"
  FnItem 9:1..9:16
    Name 9:4..9:10 "spaced"
    ParamList 9:11..9:13 "()"
    Block 9:14..9:16 "{}"
  FnItem! 10:1..10:9
    Name 10:4..10:9 "split"
  Error! 11:1..11:6 "() {}"
  FnItem! 12:1..16:2
    Name 12:4..12:9 "calls"
    ParamList 12:9..12:11 "()"
    Block! 12:12..16:2
      CallExpr 13:5..13:14
        NameRef 13:5..13:11 "spaced"
        ArgList 13:12..13:14 "()"
      NameRef 14:5..14:11 "spaced"
      ParenExpr! 15:5..15:7 "()"
  FnItem 17:1..17:17
    Name 17:4..17:12 "survivor"
    ParamList 17:12..17:14 "()"
    Block 17:15..17:17 "{}"

== evidence ==
Expected(Eq) at 3:5
ExpectedStatement at 3:5
ExpectedStatement at 7:5
SpacedListOpener at 9:11
Expected(LParen) at 11:1
ExpectedBody at 11:1
ExpectedItem at 11:1
SpacedListOpener at 13:12
ExpectedExpression at 15:6

== diagnostics ==
error[syntax/expected-token] 3:5: expected `=`
error[syntax/expected-statement] 3:5..3:6 "=": expected a statement
  at 3:5..3:8 "= 1": skipped while recovering
error[syntax/expected-statement] 7:5..7:6 "=": expected a statement
  at 7:5..7:8 "= 1": skipped while recovering
error[syntax/spaced-list-opener] 9:11..9:12 "(": opening `(` must be adjacent to the function name
error[syntax/expected-token] 11:1: expected `(`
error[syntax/expected-body] 11:1: expected a body, `{` or `=`
error[syntax/expected-item] 11:1..11:2 "(": expected a function item
  at 11:1..11:6 "() {}": skipped while recovering
error[syntax/spaced-list-opener] 13:12..13:13 "(": opening `(` must be adjacent to the function name
error[syntax/expected-expression] 15:6: expected an expression

== formatted ==
fn binding() {
    let x
    = 1
}
fn assignment() {
    x
    = 1
}
fn spaced() {}
fn split
() {}
fn calls() {
    spaced()
    spaced
    ()
}
fn survivor() {}
