file: accepted
frontend errors: 0 (see frontend.snap)
semantic errors: 0

fn answer@0..32 () -> int
  body: call twice@33..89 (callee @22..27) : int @21..32
    arg[0]: int 21 : int @29..31

fn twice@33..89 (int) -> int
  param x@42..43: int
  body: block : int @57..89
    let y@67..68: int @63..81
      initializer: eager * : int @76..81
        lhs: read x@42..43 : int @76..77
        rhs: int 2 : int @80..81
    tail: read y@67..68 : int @86..87

fn café@90..122 (bool) -> bool
  param é@99..101: bool
  body: not : bool @119..122
    operand: read é@99..101 : bool @120..122

fn ignore@123..176 (unit) -> unit
  param x@133..134: unit
  body: block : unit @150..176
    discard @156..168
      value: call answer@0..32 (callee @160..166) : int @160..168
    tail: read x@133..134 : unit @173..174

fn sub@177..214 (int, int) -> int
  param a@184..185: int
  param b@192..193: int
  body: eager - : int @209..214
    lhs: read a@184..185 : int @209..210
    rhs: read b@192..193 : int @213..214

fn ordered@215..258 () -> int
  body: eager - : int @237..258
    lhs: eager - : int @237..254
      lhs: call sub@177..214 (callee @237..240) : int @237..246
        arg[0]: int 8 : int @241..242
        arg[1]: int 3 : int @244..245
      rhs: eager * : int @249..254
        lhs: int 2 : int @249..250
        rhs: int 1 : int @253..254
    rhs: int 4 : int @257..258
