file: rejected
frontend errors: 0 (see frontend.snap)
semantic errors: 11

fn divide_by_zero@0..40 () -> int ∈ ∅
  result: copy : int @23..26
    value: eager / : int @29..40
      lhs: int 1 : int @29..30
      rhs: eager - : int @34..39
        lhs: int 2 : int @34..35
        rhs: int 2 : int @38..39

fn remainder_by_zero@41..78 () -> int ∈ ∅
  result: copy : int @67..70
    value: eager % : int @73..78
      lhs: int 7 : int @73..74
      rhs: int 0 : int @77..78

fn by_parameter@79..119 (int ∈ [0, 0]) -> int ∈ ∅
  param n@95..96: int
  result: copy : int @106..109
    value: eager / : int @112..119
      lhs: int 100 : int @112..115
      rhs: read n@95..96 : int

fn through_a_call@120..168 () -> int ∈ ∅
  result: copy : int @143..146
    value: eager + : int @149..168
      lhs: int 1 : int @149..150
      rhs: call by_parameter@79..119 : int @153..168
        arg[0]: int 0 : int @166..167

fn half@169..201 (int ∈ [-3, 3]) -> int ∈ [-100, 100] \ 0
  param d@177..178: int
  result: copy : int @188..191
    value: eager / : int @194..201
      lhs: int 100 : int @194..197
      rhs: read d@177..178 : int

fn spread@202..240 (int ∈ [0, 6]) -> int ∈ [-100, 100] \ 0
  param k@212..213: int
  result: copy : int @223..226
    value: call half@169..201 : int @229..240
      arg[0]: eager - : int @234..239
        lhs: read k@212..213 : int
        rhs: int 3 : int @238..239

fn spreads@241..284 () -> int ∈ [-200, 200]
  result: copy : int @257..260
    value: eager + : int @263..284
      lhs: call spread@202..240 : int @263..272
        arg[0]: int 0 : int @270..271
      rhs: call spread@202..240 : int @275..284
        arg[0]: int 6 : int @282..283

fn statements@285..427 () -> int ∈ [18, 18]
  result: copy : int @304..307
    value:
      let a@318..319: int @314..323
        initializer: int 1 : int @322..323
      let b@332..333: int @328..341
        initializer: eager + : int @336..341
          lhs: read a@318..319 : int
          rhs: int 1 : int @340..341
      let a@350..351: int @346..360
        initializer: eager * : int @354..360
          lhs: read b@332..333 : int
          rhs: int 10 : int @358..360
      discard: lazy or : bool @369..387
        lhs: eager == : bool @369..379
          lhs: eager / : int @369..374
            lhs: read a@350..351 : int
            rhs: int 0 : int @373..374
          rhs: int 0 : int @378..379
        rhs: bool true : bool @383..387
      tail: if : int @392..425
        condition: eager > : bool @395..400
          lhs: read a@350..351 : int
          rhs: read b@332..333 : int
        then: eager - : int @403..408
          lhs: read a@350..351 [a > b holds@395..400] : int
          rhs: read b@332..333 [a > b holds@395..400] : int
        else: eager - : int @418..423
          lhs: read b@332..333 [a > b fails@395..400] : int
          rhs: read a@350..351 [a > b fails@395..400] : int

fn inner_guard@428..526 (int ∈ [0, 1], int ∈ [0, 5]) -> int ∈ [0, 100]
  param n@443..444: int
  param m@451..452: int
  result: copy : int @462..465
    value: if : int @472..524
      condition: eager > : bool @475..480
        lhs: read n@443..444 : int
        rhs: int 0 : int @479..480
      then:
        discard: if : unit @483..502
          condition: eager != : bool @486..492
            lhs: read m@451..452 : int
            rhs: int 0 : int @491..492
          then:
            discard: int 1 : int @499..500
            tail: unit : unit @493..502
          else: unit (implicit)
        tail: int 0 : int @504..505
      else: eager / : int @515..522
        lhs: int 100 : int @515..518
        rhs: read m@451..452 : int

fn inner_guards@527..591 () -> int ∈ [0, 200]
  result: copy : int @548..551
    value: eager + : int @554..591
      lhs: call inner_guard@428..526 : int @554..571
        arg[0]: int 0 : int @566..567
        arg[1]: int 0 : int @569..570
      rhs: call inner_guard@428..526 : int @574..591
        arg[0]: int 1 : int @586..587
        arg[1]: int 5 : int @589..590

fn inverse@592..627 (int ∈ [0, 0]) -> int ∈ ∅
  param d@603..604: int
  result: copy : int @614..617
    value: eager / : int @620..627
      lhs: int 100 : int @620..623
      rhs: read d@603..604 : int

fn inverses@628..713 () -> int ∈ ∅
  result: copy : int @645..648
    value: eager + : int @651..713
      lhs: eager + : int @651..700
        lhs: eager + : int @651..687
          lhs: eager + : int @651..674
            lhs: call inverse@592..627 : int @651..661
              arg[0]: int 0 : int @659..660
            rhs: call inverse@592..627 : int @664..674
              arg[0]: int 0 : int @672..673
          rhs: call inverse@592..627 : int @677..687
            arg[0]: int 0 : int @685..686
        rhs: call inverse@592..627 : int @690..700
          arg[0]: int 0 : int @698..699
      rhs: call inverse@592..627 : int @703..713
        arg[0]: int 0 : int @711..712

fn compared@714..795 (int ∈ [1, 1]) -> int ∈ ∅
  param d@726..727: int
  result: copy : int @737..740
    value:
      let z@751..752: int @747..756
        initializer: int 0 : int @755..756
      tail: if : int @761..793
        condition: eager == : bool @764..770
          lhs: read d@726..727 : int
          rhs: read z@751..752 : int
        then: int 1 : int @773..774
        else: eager / : int @784..791
          lhs: int 100 : int @784..787
          rhs: read z@751..752 [d == z fails@764..770] : int

fn compareds@796..831 () -> int ∈ ∅
  result: copy : int @814..817
    value: call compared@714..795 : int @820..831
      arg[0]: int 1 : int @829..830

fn fixed@832..890 (int ∈ [-5, 5]) -> int ∈ [1, 1]
  param d@841..842: int
  result: copy : int @852..855
    value: if : int @858..890
      condition: eager == : bool @861..867
        lhs: read d@841..842 : int
        rhs: int 0 : int @866..867
      then: eager / : int @870..877
        lhs: int 100 : int @870..873
        rhs: read d@841..842 [d == 0 holds@861..867] : int
      else: int 1 : int @887..888

fn fixeds@891..943 () -> int ∈ [3, 3]
  result: copy : int @906..909
    value: eager + : int @912..943
      lhs: eager + : int @912..932
        lhs: call fixed@832..890 : int @912..921
          arg[0]: int -5 : int @918..920
        rhs: call fixed@832..890 : int @924..932
          arg[0]: int 0 : int @930..931
      rhs: call fixed@832..890 : int @935..943
        arg[0]: int 5 : int @941..942

fn arity@944..977 (int ∈ ∅) -> int ∈ ∅
  param d@953..954: int
  result: copy : int @964..967
    value: eager / : int @970..977
      lhs: int 100 : int @970..973
      rhs: read d@953..954 : int

fn wrong_arity@978..1015 () -> int ∈ ∅
  result: copy : int @998..1001
    value: hole : ? @1004..1015
      part[0]: int 0 : int @1010..1011
      part[1]: int 1 : int @1013..1014

fn plain@1016..1049 (int ∈ [0, 0]) -> int ∈ [-100, 100] \ 0
  param k@1025..1026: int
  result: copy : int @1036..1039
    value: call half@169..201 : int @1042..1049
      arg[0]: read k@1025..1026 : int

fn plains@1050..1079 () -> int ∈ [-100, 100] \ 0
  result: copy : int @1065..1068
    value: call plain@1016..1049 : int @1071..1079
      arg[0]: int 0 : int @1077..1078

fn bound@1080..1127 () -> int ∈ [-100, 100] \ 0
  result: copy : int @1094..1097
    value:
      let z@1108..1109: int @1104..1113
        initializer: int 0 : int @1112..1113
      tail: call half@169..201 : int @1118..1125
        arg[0]: read z@1108..1109 : int

fn guarded@1128..1188 (int ∈ [0, 0]) -> int ∈ [-100, 100] \ 0
  param k@1139..1140: int
  result: copy : int @1150..1153
    value: if : int @1156..1188
      condition: eager == : bool @1159..1165
        lhs: read k@1139..1140 : int
        rhs: int 0 : int @1164..1165
      then: call half@169..201 : int @1168..1175
        arg[0]: read k@1139..1140 [k == 0 holds@1159..1165] : int
      else: int 1 : int @1185..1186

fn guardeds@1189..1222 () -> int ∈ [-100, 100] \ 0
  result: copy : int @1206..1209
    value: call guarded@1128..1188 : int @1212..1222
      arg[0]: int 0 : int @1220..1221

fn chained@1223..1370 () -> int ∈ ∅
  result: copy : int @1239..1242
    value:
      let a@1253..1254: int @1249..1258
        initializer: int 0 : int @1257..1258
      let b@1267..1268: int @1263..1272
        initializer: read a@1253..1254 : int
      let c@1281..1282: int @1277..1286
        initializer: read b@1267..1268 : int
      let d@1295..1296: int @1291..1300
        initializer: read c@1281..1282 : int
      let e@1309..1310: int @1305..1314
        initializer: read d@1295..1296 : int
      let f@1323..1324: int @1319..1328
        initializer: read e@1309..1310 : int
      let g@1337..1338: int @1333..1342
        initializer: read f@1323..1324 : int
      let h@1351..1352: int @1347..1356
        initializer: read g@1337..1338 : int
      tail: eager / : int @1361..1368
        lhs: int 100 : int @1361..1364
        rhs: read h@1351..1352 : int

== semantic diagnostics ==
error[semantic/division-by-zero]: division by zero
  primary @29..40
  secondary @34..39: is 0
error[semantic/division-by-zero]: division by zero
  primary @73..78
  secondary @77..78: is 0
error[semantic/division-by-zero]: division by zero
  primary @112..119
  secondary @166..167: argument is 0
error[semantic/division-by-zero]: divisor may be zero
  primary @194..201
  secondary @234..239: argument may be 0: [-3, 3]
  secondary @1047..1048: argument is 0
  secondary @1123..1124: argument is 0
  secondary @1173..1174: argument is 0
error[semantic/division-by-zero]: division by zero
  primary @369..374
  secondary @373..374: is 0
error[semantic/division-by-zero]: divisor may be zero
  primary @515..522
  secondary @569..570: argument is 0
error[semantic/division-by-zero]: division by zero
  primary @620..627
  secondary @659..660: argument is 0
  secondary @672..673: argument is 0
  secondary @685..686: argument is 0
  secondary @698..699: argument is 0
error[semantic/division-by-zero]: division by zero
  primary @784..791
  secondary @755..756: is 0
error[semantic/division-by-zero]: division by zero
  primary @870..877
  secondary @861..867: is 0 under this guard
  secondary @930..931: argument is 0
error[semantic/arity]: expected 1 arguments, found 2
  primary @1004..1015
  secondary @944..977: declared here
error[semantic/division-by-zero]: division by zero
  primary @1361..1368
  secondary @1257..1258: is 0
