file: rejected
frontend errors: 0 (see frontend.snap)
semantic errors: 8

fn later_iteration@0..180 () -> int ∈ (-∞, +∞)
  result: result : int @24..27
    outcome[0]:
      let divisor@42..49: int @34..53
        initializer: int 2 : int @52..53
      let total@66..71: int @58..75
        initializer: int 0 : int @74..75
      discard: loop value 0 : int @80..168
        loop: @80..168
      discard: loop : unit @80..168
        start: int 0 : int @89..90
        end: int 4 : int @92..93
        body:
          let i@84..85: loop index : int @80..168
            start: int 0 : int @89..90
            end: int 4 : int @92..93
          assignment: assign total@66..71 : int @104..132
            value: eager + : int @112..132
              lhs: read total@66..71 : int
              rhs: eager / : int @120..132
                lhs: int 12 : int @120..122
                rhs: read divisor@42..49 : int
          assignment: assign divisor@42..49 : int @141..162
            value: eager - : int @151..162
              lhs: read divisor@42..49 : int
              rhs: int 1 : int @161..162
          tail: unit : unit @94..168
        next[0]: read divisor@42..49 : int
        next[1]: read total@66..71 : int
      discard: after : ? @80..168
        control: loop : unit @80..168
          start: int 0 : int @89..90
          end: int 4 : int @92..93
          body:
            let i@84..85: loop index : int @80..168
              start: int 0 : int @89..90
              end: int 4 : int @92..93
            assignment: assign total@66..71 : int @104..132
              value: eager + : int @112..132
                lhs: read total@66..71 : int
                rhs: eager / : int @120..132
                  lhs: int 12 : int @120..122
                  rhs: read divisor@42..49 : int
            assignment: assign divisor@42..49 : int @141..162
              value: eager - : int @151..162
                lhs: read divisor@42..49 : int
                rhs: int 1 : int @161..162
            tail: unit : unit @94..168
          next[0]: read divisor@42..49 : int
          next[1]: read total@66..71 : int
        context: entry : ? @0..180
      tail: loop value 1 : int @80..168
        loop: @80..168

fn empty_path@181..282 () -> int ∈ ∅
  result: result : int @200..203
    outcome[0]:
      let divisor@218..225: int @210..229
        initializer: int 0 : int @228..229
      discard: loop : unit @234..263
        start: int 3 : int @243..244
        end: int 3 : int @246..247
        body:
          let i@238..239: loop index : int @234..263
            start: int 3 : int @243..244
            end: int 3 : int @246..247
          discard: read divisor@218..225 : int
          assignment: assign divisor@218..225 : int @250..261
            value: int 2 : int @260..261
          tail: unit : unit @248..263
        next[0]: read divisor@218..225 : int
      discard: after : ? @234..263
        control: loop : unit @234..263
          start: int 3 : int @243..244
          end: int 3 : int @246..247
          body:
            let i@238..239: loop index : int @234..263
              start: int 3 : int @243..244
              end: int 3 : int @246..247
            discard: read divisor@218..225 : int
            assignment: assign divisor@218..225 : int @250..261
              value: int 2 : int @260..261
            tail: unit : unit @248..263
          next[0]: read divisor@218..225 : int
        context: entry : ? @181..282
      tail: eager / : int @268..280
        lhs: int 12 : int @268..270
        rhs: loop value 0 : int @234..263
          loop: @234..263

fn immutable_index@283..335 () -> unit ∈ unit
  result: result : unit @283..335
    outcome[0]:
      discard: after : ? @310..333
        control: loop : unit @310..333
          start: int 0 : int @319..320
          end: int 3 : int @322..323
          body:
            let i@314..315: loop index : int @310..333
              start: int 0 : int @319..320
              end: int 3 : int @322..323
            discard: hole : ? @326..331
              part[0]: int 2 : int @330..331
            tail: unit : unit @324..333
        context: entry : ? @283..335
      tail: loop : unit @310..333
        start: int 0 : int @319..320
        end: int 3 : int @322..323
        body:
          let i@314..315: loop index : int @310..333
            start: int 0 : int @319..320
            end: int 3 : int @322..323
          discard: hole : ? @326..331
            part[0]: int 2 : int @330..331
          tail: unit : unit @324..333

fn index_scope@336..390 () -> int ∈ ∅
  result: result : int @356..359
    outcome[0]:
      discard: loop : unit @366..382
        start: int 0 : int @375..376
        end: int 3 : int @378..379
        body:
          let i@370..371: loop index : int @366..382
            start: int 0 : int @375..376
            end: int 3 : int @378..379
          tail: unit : unit @380..382
      discard: after : ? @366..382
        control: loop : unit @366..382
          start: int 0 : int @375..376
          end: int 3 : int @378..379
          body:
            let i@370..371: loop index : int @366..382
              start: int 0 : int @375..376
              end: int 3 : int @378..379
            tail: unit : unit @380..382
        context: entry : ? @336..390
      tail: hole : ? @387..388

fn boolean_start@391..434 () -> unit ∈ ∅
  result: result : unit @391..434
    outcome[0]:
      discard: after : ? @412..432
        control: loop : unit @412..432
          start: bool false : ? @421..426
          end: int 3 : int @428..429
          body:
            let i@416..417: loop index : int @412..432
              start: bool false : ? @421..426
              end: int 3 : int @428..429
            tail: unit : unit @430..432
        context: entry : ? @391..434
      tail: loop : unit @412..432
        start: bool false : ? @421..426
        end: int 3 : int @428..429
        body:
          let i@416..417: loop index : int @412..432
            start: bool false : ? @421..426
            end: int 3 : int @428..429
          tail: unit : unit @430..432

fn boolean_end@435..475 () -> unit ∈ ∅
  result: result : unit @435..475
    outcome[0]:
      discard: after : ? @454..473
        control: loop : unit @454..473
          start: int 0 : int @463..464
          end: bool true : ? @466..470
          body:
            let i@458..459: loop index : int @454..473
              start: int 0 : int @463..464
              end: bool true : ? @466..470
            tail: unit : unit @471..473
        context: entry : ? @435..475
      tail: loop : unit @454..473
        start: int 0 : int @463..464
        end: bool true : ? @466..470
        body:
          let i@458..459: loop index : int @454..473
            start: int 0 : int @463..464
            end: bool true : ? @466..470
          tail: unit : unit @471..473

fn nonunit_body@476..517 () -> unit ∈ unit
  result: result : unit @476..517
    outcome[0]:
      discard: after : ? @496..515
        control: loop : unit @496..515
          start: int 0 : int @505..506
          end: int 3 : int @508..509
          body:
            let i@500..501: loop index : ? @496..515
              start: int 0 : int @505..506
              end: int 3 : int @508..509
            tail: read i@500..501 : ?
        context: entry : ? @476..517
      tail: loop : unit @496..515
        start: int 0 : int @505..506
        end: int 3 : int @508..509
        body:
          let i@500..501: loop index : ? @496..515
            start: int 0 : int @505..506
            end: int 3 : int @508..509
          tail: read i@500..501 : ?

fn changed_type@518..589 () -> unit ∈ unit
  result: result : unit @518..589
    outcome[0]:
      let x@550..551: ? @542..555
        initializer: int 1 : int @554..555
      discard: loop value 0 : ? @560..587
        loop: @560..587
      discard: after : ? @560..587
        control: loop : unit @560..587
          start: int 0 : int @569..570
          end: int 3 : int @572..573
          body:
            let i@564..565: loop index : int @560..587
              start: int 0 : int @569..570
              end: int 3 : int @572..573
            discard: read x@550..551 : ?
            assignment: assign x@550..551 : ? @576..585
              value: bool false : ? @580..585
            tail: unit : unit @574..587
          next[0]: read x@550..551 : ?
        context: entry : ? @518..589
      tail: loop : unit @560..587
        start: int 0 : int @569..570
        end: int 3 : int @572..573
        body:
          let i@564..565: loop index : int @560..587
            start: int 0 : int @569..570
            end: int 3 : int @572..573
          discard: read x@550..551 : ?
          assignment: assign x@550..551 : ? @576..585
            value: bool false : ? @580..585
          tail: unit : unit @574..587
        next[0]: read x@550..551 : ?

== semantic diagnostics ==
error[semantic/division-by-zero]: divisor may be zero
  primary @120..132
  secondary @80..168: may be 0 on a loop iteration: (-∞, 2]
error[semantic/division-by-zero]: division by zero
  primary @268..280
  secondary @228..229: is 0
error[semantic/immutable-assignment]: cannot assign to immutable local `i`
  primary @326..327
  secondary @314..315: declared here
error[semantic/unknown-name]: unknown name `i`
  primary @387..388
error[semantic/type-mismatch]: expected int, found bool
  primary @421..426
error[semantic/type-mismatch]: expected int, found bool
  primary @466..470
error[semantic/type-mismatch]: expected unit, found int
  primary @510..515
error[semantic/type-mismatch]: expected int, found bool
  primary @580..585
  secondary @550..551: declared here
