== tree ==
SourceFile! 0..29
  FnItem! 0..18
    Name 3..4 "f"
    ParamList 4..6 "()"
    Block! 7..18
      LetStmt! 9..16
        Name 13..14 "x"
  FnItem 19..28
    Name 22..23 "g"
    ParamList 23..25 "()"
    Block 26..28 "{}"

== evidence ==
ExpectedExpression at 17

== diagnostics ==
error[syntax/expected-expression] 1:18: expected an expression
