== tree ==
SourceFile! 0..26
  FnItem! 0..25
    Name 3..4 "f"
    ParamList 4..6 "()"
    Block! 7..25
      CallExpr! 13..23
        NameRef 13..14 "g"
        ArgList! 14..23
          Error! 15..16 ":"
          ParenExpr 16..19
            NameRef 17..18 "x"
          NameRef 21..22 "y"

== evidence ==
ExpectedExpression at 15

== diagnostics ==
error[syntax/expected-expression] 2:7..2:8 ":": expected an expression
