tree: see hir.snap

== evidence ==
ExpectedExpression at 31
ExpectedName at 36
Expected(Colon) at 67
Expected(RParen) at 99
ExpectedBody at 99
ExpectedType at 115
ExpectedType at 120
ExpectedType at 133

== diagnostics ==
error[syntax/expected-expression] 3:1: expected an expression
error[syntax/expected-name] 4:4: expected a name
error[syntax/expected-token] 5:20: expected `:`
error[syntax/expected-token] 7:1: expected `)`
  at 6:20..6:21 "(": opening delimiter is here
  fix (safe): insert `)`
    6:27 -> ")"
error[syntax/expected-body] 7:1: expected a body, `{` or `=`
error[syntax/expected-type] 7:17: expected a type
error[syntax/expected-type] 7:22: expected a type
error[syntax/expected-type] 8:12: expected a type

== fixed (syntax/expected-body, syntax/expected-expression, syntax/expected-name, syntax/expected-token, syntax/expected-type remain) ==
fn initializer() {
    let x =
}
fn (a: int) {}
fn parameter_type(a) {}
fn parameter_closer(a: int)
fn everything(a:) -> {
    let x: = 1
}
