file: rejected
frontend errors: 8 (see frontend.snap)
semantic errors: 0

fn initializer@0..32 () -> unit ∈ ∅
  result: copy : unit @0..32
    value:
      let x@27..28: hole : ? @23..30
      tail: unit : ? @17..32

fn <missing>@33..47 (int ∈ ∅) -> unit ∈ ∅
  param a@37..38: int
  result: copy : unit @33..47
    value: unit : unit @45..47

fn parameter_type@48..71 signature: unavailable
  param a@66..67: ?
  body: unit : unit @69..71

fn parameter_closer@72..98 signature: unavailable
  param a@92..93: int
  body: hole : ? @72..98

fn everything@99..138 signature: unavailable
  param a@113..114: ?
  body:
    let x@130..131: hole : ? @126..136
    tail: unit : ? @120..138
