file: accepted
frontend errors: 0 (see frontend.snap)
semantic errors: 0

== graph ==
fn after_return@1:1..5:2 () -> int ∈ [1, 1]
  result: result : int @1:22..1:25
    outcome[0]:
      discard: after : ? @2:5..2:13
        control: return : int @2:5..2:13
        context: entry : ? @1:1..5:2
      let x@3:9..3:10: int @3:5..3:14
        initializer: int 2 : int @3:13..3:14
      tail: read x@3:9..3:10 : int
    outcome[1]: return : int @2:5..2:13
      payload: int 1 : int @2:12..2:13

fn after_decided_if@6:1..11:2 () -> int ∈ [1, 1]
  result: result : int @6:26..6:29
    outcome[0]:
      discard: if : unit @7:5..9:6
        condition: bool true : bool @7:8..7:12
        then: unit : unit @7:13..9:6
        else: unit (implicit)
      discard: after : ? @7:5..9:6
        control: observe : ? @7:5..9:6
        context: entry : ? @6:1..11:2
      tail: int 2 : int @10:5..10:6
    outcome[1]: return : int @8:9..8:17
      payload: int 1 : int @8:16..8:17

fn after_both_branches@12:1..19:2 (bool ∈ {true}) -> int ∈ [1, 1]
  param b@12:24..12:25: bool
  result: result : int @12:36..12:39
    outcome[0]:
      discard: if : ? @13:5..17:6
        condition: read b@12:24..12:25 : bool
        then: unit : unit @13:10..15:6
        else: unit : unit @15:12..17:6
      discard: after : ? @13:5..17:6
        control: observe : ? @13:5..17:6
        context: entry : ? @12:1..19:2
      tail: int 3 : int @18:5..18:6
    outcome[1]: return : int @14:9..14:17
      payload: int 1 : int @14:16..14:17
    outcome[2]: return : int @16:9..16:17
      payload: int 2 : int @16:16..16:17

fn after_guarded@20:1..28:2 (int ∈ [-1, 1] \ 0) -> int ∈ [0, 1]
  param n@20:18..20:19: int
  result: result : int @20:29..20:32
    outcome[0]:
      discard: if : unit @21:5..23:6
        condition: eager > : bool @21:8..21:13
          lhs: read n@20:18..20:19 : int
          rhs: int 0 : int @21:12..21:13
        then: unit : unit @21:14..23:6
        else: unit (implicit)
      discard: if : unit @24:5..26:6
        condition: eager <= : bool @24:8..24:14
          lhs: read n@20:18..20:19 [n > 0 fails@21:8..21:13] : int
          rhs: int 0 : int @24:13..24:14
        then: unit : unit @24:15..26:6
        else: unit (implicit)
      discard: after : ? @24:5..26:6
        control: observe : ? @24:5..26:6
        context: after : ? @21:5..23:6
          control: observe : ? @21:5..23:6
          context: entry : ? @20:1..28:2
      tail: read n@20:18..20:19 [n <= 0 fails@24:8..24:14, n > 0 fails@21:8..21:13] : int
    outcome[1]: return : int @22:9..22:17
      payload: read n@20:18..20:19 [n > 0 holds@21:8..21:13] : int
    outcome[2]: return : int @25:9..25:17
      payload: int 0 : int @25:16..25:17

fn nested@29:1..35:2 () -> int ∈ [1, 1]
  result: result : int @29:16..29:19
    outcome[0]:
      discard: after : ? @31:9..31:17
        control: return : int @31:9..31:17
        context: entry : ? @29:1..35:2
      discard: int 2 : int @32:9..32:10
      tail: int 3 : int @34:5..34:6
    outcome[1]: return : int @31:9..31:17
      payload: int 1 : int @31:16..31:17

fn by_callers@36:1..41:2 (int ∈ [4, 4]) -> int ∈ [4, 4]
  param n@36:15..36:16: int
  result: result : int @36:26..36:29
    outcome[0]:
      discard: if : unit @37:5..39:6
        condition: eager < : bool @37:8..37:13
          lhs: read n@36:15..36:16 : int
          rhs: int 0 : int @37:12..37:13
        then: unit : unit @37:14..39:6
        else: unit (implicit)
      discard: after : ? @37:5..39:6
        control: observe : ? @37:5..39:6
        context: entry : ? @36:1..41:2
      tail: read n@36:15..36:16 [n < 0 fails@37:8..37:13] : int
    outcome[1]: return : int @38:9..38:17
      payload: int 0 : int @38:16..38:17

fn in_expression@42:1..42:45 () -> int ∈ [1, 1]
  result: result : int @42:23..42:26
    outcome[0]: eager + : int @42:29..42:45
      lhs: unit : unit @42:29..42:41
      rhs: int 2 : int @42:44..42:45
    outcome[1]: return : int @42:31..42:39
      payload: int 1 : int @42:38..42:39

fn main@43:1..43:100 () -> int ∈ [5, 7]
  result: copy : int @43:14..43:17
    value: eager + : int @43:20..43:100
      lhs: eager + : int @43:20..43:84
        lhs: eager + : int @43:20..43:64
          lhs: call after_both_branches@12:1..19:2 : int @43:20..43:45
            arg[0]: bool true : bool @43:40..43:44
          rhs: call after_guarded@20:1..28:2 : int @43:48..43:64
            arg[0]: int 1 : int @43:62..43:63
        rhs: call after_guarded@20:1..28:2 : int @43:67..43:84
          arg[0]: int -1 : int @43:81..43:83
      rhs: call by_callers@36:1..41:2 : int @43:87..43:100
        arg[0]: int 4 : int @43:98..43:99

== semantic diagnostics ==
warning[semantic/unreachable-code] 3:5..4:6 "let x = 2\n    x": unreachable code
  at 2:5..2:13 "return 1": no path continues past this
warning[semantic/constant-condition] 7:8..7:12 "true": condition is always true
warning[semantic/unreachable-code] 10:5..10:6 "2": unreachable code
  at 7:5..9:6 "if true {\n        return 1\n    }": no path continues past this
warning[semantic/unreachable-code] 18:5..18:6 "3": unreachable code
  at 13:5..17:6 "if b {\n        return 1\n    } else {\n        return 2\n    }": no path continues past this
warning[semantic/constant-condition] 24:8..24:14 "n <= 0": condition is always true
  at 21:8..21:13 "n > 0": ∈ (-∞, 0] under this guard
warning[semantic/unreachable-code] 27:5..27:6 "n": unreachable code
  at 24:5..26:6 "if n <= 0 {\n        return 0\n    }": no path continues past this
warning[semantic/unreachable-code] 32:9..32:10 "2": unreachable code
  at 31:9..31:17 "return 1": no path continues past this
warning[semantic/unreachable-code] 34:5..34:6 "3": unreachable code
  at 30:5..33:6 "{\n        return 1\n        2\n    }": no path continues past this
