file: accepted
frontend errors: 0 (see frontend.snap)
semantic errors: 0

fn choose@1:1..11:2 (bool ∈ ∅) -> int ∈ ∅
  param flag@1:11..1:15: bool
  result: copy : int @1:26..1:29
    value: if : int @3:5..10:6
      condition: read flag@1:11..1:15 : bool
      then: int 1 : int @5:9..5:10
      else: int 2 : int @9:9..9:10

fn block_condition@12:1..15:6 () -> int ∈ [1, 1]
  result: copy : int @12:25..12:28
    value: if : int @12:31..15:6
      condition: bool true : bool @12:36..12:40
      then: int 1 : int @13:3..13:4
      else: int 2 : int @15:3..15:4

fn nested_condition@16:1..24:6 () -> int ∈ [1, 1]
  result: copy : int @16:26..16:29
    value: if : int @16:32..24:6
      condition: if : bool @16:35..19:10
        condition: bool true : bool @16:38..16:42
        then: bool true : bool @17:3..17:7
        else: bool false : bool @19:3..19:8
      then: int 1 : int @20:3..20:4
      else: if : int @21:6..24:6
        condition: bool false : bool @21:9..21:14
        then: int 2 : int @22:3..22:4
        else: int 3 : int @24:3..24:4

fn continued_condition@25:1..27:3 () -> unit ∈ unit
  body: if : unit @25:28..27:3
    condition: lazy and : bool @25:31..26:12
      lhs: bool true : bool @25:33..25:37
      rhs: bool true : bool @26:8..26:12
    then: unit : unit @27:1..27:3
    else: unit (implicit)

fn grouped@28:1..31:4 () -> unit ∈ unit
  body: if : unit @28:17..31:3
    condition: bool true : bool @28:21..28:25
    then: unit : unit @29:1..29:3
    else: unit : unit @31:1..31:3

== semantic diagnostics ==
warning[semantic/unused-function] 1:4..1:10 "choose": function `choose` is never called
warning[semantic/constant-condition] 12:36..12:40 "true": condition is always true
  at 15:1..15:6 "{ 2 }": this branch never runs
warning[semantic/constant-condition] 16:35..19:10 "if true\n{ true }\nelse\n{ false }": condition is always true
  at 21:6..24:6 "if false\n{ 2 }\nelse\n{ 3 }": this branch never runs
warning[semantic/constant-condition] 16:38..16:42 "true": condition is always true
  at 19:1..19:10 "{ false }": this branch never runs
warning[semantic/constant-condition] 25:31..26:12 "{ true }\n    && true": condition is always true
warning[semantic/constant-condition] 28:20..28:26 "(true)": condition is always true
  at 31:1..31:3 "{}": this branch never runs
