== tree ==
SourceFile 0..489
  FnItem 0..59
    Name 3..14 "unsupported"
    ParamList 14..16 "()"
    Block 17..59
      LetStmt 23..36
        Name 31..32 "x"
        LiteralExpr 35..36 "1"
      DiscardStmt 41..46
        NameRef 45..46 "x"
      ReturnStmt 51..57 "return"
  FnItem 60..97
    Name 63..70 "closure"
    ParamList 70..72 "()"
    Block 73..97
      LetStmt 79..95
        Name 83..84 "f"
        ClosureExpr 87..95
          ParamList 89..91 "()"
          LiteralExpr 94..95 "1"
  FnItem 98..125
    Name 101..108 "literal"
    ParamList 108..110 "()"
    LiteralExpr 113..125 "\"not scalar\""
  FnItem 126..151
    Name 129..137 "mismatch"
    ParamList 137..139 "()"
    TypeRef 143..147 "bool"
    LiteralExpr 150..151 "1"
  FnItem 152..211
    Name 155..163 "branches"
    ParamList 163..165 "()"
    TypeRef 169..172 "int"
    IfExpr 175..211
      LiteralExpr 178..182 "true"
      Block 183..192
        LiteralExpr 189..190 "1"
      Block 198..211
        LiteralExpr 204..209 "false"
  FnItem 212..249
    Name 215..227 "missing_else"
    ParamList 227..229 "()"
    IfExpr 232..249
      LiteralExpr 235..239 "true"
      Block 240..249
        LiteralExpr 246..247 "1"
  FnItem 250..289
    Name 253..263 "annotation"
    ParamList 263..265 "()"
    Block 266..289
      LetStmt 272..287
        Name 276..277 "x"
        TypeRef 279..283 "bool"
        LiteralExpr 286..287 "1"
  FnItem 290..327
    Name 293..306 "unit_equality"
    ParamList 306..308 "()"
    TypeRef 312..316 "bool"
    BinaryExpr 319..327
      Block 319..321 "{}"
      Block 325..327 "{}"
  FnItem 328..357
    Name 331..339 "unit_sum"
    ParamList 339..341 "()"
    TypeRef 345..348 "int"
    BinaryExpr 351..357
      Block 351..353 "{}"
      LiteralExpr 356..357 "1"
  FnItem 358..488
    Name 361..374 "computed_call"
    ParamList 374..376 "()"
    Block 377..488
      DiscardStmt 383..486
        CallExpr 387..486
          ParenExpr 387..467
            IfExpr 397..461
              LiteralExpr 400..404 "true"
              Block 405..430
                LiteralExpr 419..420 "1"
              Block 436..461
                LiteralExpr 450..451 "2"
          ArgList 467..486
            NameRef 468..475 "missing"
            BinaryExpr 477..485
              LiteralExpr 477..478 "1"
              LiteralExpr 481..485 "true"
