== tree ==
SourceFile 0..385
  FnItem 0..59
    Name 3..14 "unsupported"
    ParamList 14..16 "()"
    Block 17..59
      LetStmt 23..36
        Name 31..32 "x"
        LiteralExpr 35..36 "1"
      DiscardStmt 41..46
        NameRef 45..46 "x"
      ReturnStmt 51..57 "return"
  FnItem 60..93
    Name 63..70 "closure"
    ParamList 70..72 "()"
    Block 73..93
      LetStmt 75..91
        Name 79..80 "f"
        ClosureExpr 83..91
          ParamList 85..87 "()"
          LiteralExpr 90..91 "1"
  FnItem 94..121
    Name 97..104 "literal"
    ParamList 104..106 "()"
    LiteralExpr 109..121 "\"not scalar\""
  FnItem 122..147
    Name 125..133 "mismatch"
    ParamList 133..135 "()"
    TypeRef 139..143 "bool"
    LiteralExpr 146..147 "1"
  FnItem 148..199
    Name 151..159 "branches"
    ParamList 159..161 "()"
    TypeRef 165..168 "int"
    IfExpr 171..199
      LiteralExpr 174..178 "true"
      Block 179..184
        LiteralExpr 181..182 "1"
      Block 190..199
        LiteralExpr 192..197 "false"
  FnItem 200..233
    Name 203..215 "missing_else"
    ParamList 215..217 "()"
    IfExpr 220..233
      LiteralExpr 223..227 "true"
      Block 228..233
        LiteralExpr 230..231 "1"
  FnItem 234..269
    Name 237..247 "annotation"
    ParamList 247..249 "()"
    Block 250..269
      LetStmt 252..267
        Name 256..257 "x"
        TypeRef 259..263 "bool"
        LiteralExpr 266..267 "1"
  FnItem 270..307
    Name 273..286 "unit_equality"
    ParamList 286..288 "()"
    TypeRef 292..296 "bool"
    BinaryExpr 299..307
      Block 299..301 "{}"
      Block 305..307 "{}"
  FnItem 308..384
    Name 311..324 "computed_call"
    ParamList 324..326 "()"
    Block 327..384
      DiscardStmt 333..382
        CallExpr 337..382
          ParenExpr 337..363
            IfExpr 338..362
              LiteralExpr 341..345 "true"
              Block 346..351
                LiteralExpr 348..349 "1"
              Block 357..362
                LiteralExpr 359..360 "2"
          ArgList 363..382
            NameRef 364..371 "missing"
            BinaryExpr 373..381
              LiteralExpr 373..374 "1"
              LiteralExpr 377..381 "true"

== formatted ==
fn unsupported() {
    let mut x = 1
    _ = x
    return
}
fn closure() {
    let f = fn() = 1
}
fn literal() = "not scalar"
fn mismatch() -> bool = 1
fn branches() -> int = if true {
    1
} else {
    false
}
fn missing_else() = if true {
    1
}
fn annotation() {
    let x: bool = 1
}
fn unit_equality() -> bool = {} == {}
fn computed_call() {
    _ = (
        if true {
            1
        } else {
            2
        }
    )(missing, 1 + true)
}
