file: rejected
frontend errors: 0 (see frontend.snap)
semantic errors: 13

fn unsupported@0..59 () -> unit ∈ unit
  result: copy : unit @0..59
    value:
      discard: hole : ? @23..36
      let x@31..32: hole : ? @23..36
      discard: hole : ? @51..57
      tail: unit : unit @17..59

fn closure@60..93 () -> unit ∈ unit
  result: copy : unit @60..93
    value:
      let f@79..80: ? @75..91
        initializer: hole : ? @83..91
      tail: unit : unit @73..93

fn literal@94..121 signature: unavailable
  body: hole : ? @109..121

fn mismatch@122..147 () -> bool ∈ ∅
  result: copy : bool @139..143
    value: int 1 : ? @146..147

fn branches@148..199 () -> int ∈ [1, 1]
  result: copy : int @165..168
    value: if : ? @171..199
      condition: bool true : bool @174..178
      then: int 1 : int @181..182
      else: bool false : bool @192..197

fn missing_else@200..233 () -> unit ∈ unit
  body: if : unit @220..233
    condition: bool true : bool @223..227
    then: int 1 : ? @230..231
    else: unit (implicit)

fn annotation@234..269 () -> unit ∈ unit
  result: copy : unit @234..269
    value:
      let x@256..257: bool @252..267
        initializer: int 1 : ? @266..267
      tail: unit : unit @250..269

fn unit_equality@270..307 () -> bool ∈ ∅
  result: copy : bool @292..296
    value: eager == : bool @299..307
      lhs: unit : unit @299..301
      rhs: unit : unit @305..307

fn unit_sum@308..337 () -> int ∈ ∅
  result: copy : int @325..328
    value: eager + : int @331..337
      lhs: unit : ? @331..333
      rhs: int 1 : int @336..337

fn computed_call@338..414 () -> unit ∈ unit
  result: copy : unit @338..414
    value:
      discard: hole : ? @367..412
        part[0]: hole : ? @368..392
        part[1]: hole : ? @394..401
        part[2]: eager + : int @403..411
          lhs: int 1 : int @403..404
          rhs: bool true : ? @407..411
      tail: unit : unit @357..414

== semantic diagnostics ==
error[semantic/unsupported]: construct is not supported by scalar checking
  primary @23..36
error[semantic/unsupported]: construct is not supported by scalar checking
  primary @51..57
error[semantic/unsupported]: construct is not supported by scalar checking
  primary @83..91
error[semantic/unsupported]: construct is not supported by scalar checking
  primary @109..121
error[semantic/type-mismatch]: expected bool, found int
  primary @146..147
  secondary @139..143: declared here
error[semantic/type-mismatch]: if branches are int and bool
  primary @171..199
  secondary @181..182: int here
  secondary @192..197: bool here
error[semantic/type-mismatch]: expected unit, found int
  primary @228..233
error[semantic/type-mismatch]: expected bool, found int
  primary @266..267
  secondary @259..263: declared here
error[semantic/type-mismatch]: unit values cannot be compared
  primary @299..307
error[semantic/type-mismatch]: expected int, found unit
  primary @331..333
error[semantic/unsupported]: construct is not supported by scalar checking
  primary @368..392
error[semantic/unknown-name]: unknown name `missing`
  primary @394..401
error[semantic/type-mismatch]: expected int, found bool
  primary @407..411
