file: rejected
frontend errors: 0 (see frontend.snap)
semantic errors: 13

fn unsupported@0..48 () -> unit ∈ unit
  result: copy : unit @0..48
    value:
      let x@31..32: int @23..36
        initializer: int 1 : int @35..36
      tail: unit : unit @17..48

fn closure@49..86 () -> unit ∈ unit
  result: copy : unit @49..86
    value:
      let f@72..73: ? @68..84
        initializer: hole : ? @76..84
      tail: unit : unit @62..86

fn mismatch@87..112 () -> bool ∈ ∅
  result: copy : bool @104..108
    value: int 1 : ? @111..112

fn branches@113..172 () -> int ∈ [1, 1]
  result: copy : int @130..133
    value: if : ? @136..172
      condition: bool true : bool @139..143
      then: int 1 : int @150..151
      else: bool false : bool @165..170

fn missing_else@173..210 () -> unit ∈ unit
  body: if : unit @193..210
    condition: bool true : bool @196..200
    then: int 1 : ? @207..208
    else: unit (implicit)

fn annotation@211..250 () -> unit ∈ unit
  result: copy : unit @211..250
    value:
      let x@237..238: bool @233..248
        initializer: int 1 : ? @247..248
      tail: unit : unit @227..250

fn unit_equality@251..288 () -> bool ∈ ∅
  result: copy : bool @273..277
    value: eager == : bool @280..288
      lhs: unit : unit @280..282
      rhs: unit : unit @286..288

fn unit_sum@289..318 () -> int ∈ ∅
  result: copy : int @306..309
    value: eager + : int @312..318
      lhs: unit : ? @312..314
      rhs: int 1 : int @317..318

fn computed_call@319..449 () -> unit ∈ unit
  result: copy : unit @319..449
    value:
      discard: hole : ? @348..447
        part[0]: hole : ? @358..422
        part[1]: hole : ? @429..436
        part[2]: eager + : int @438..446
          lhs: int 1 : int @438..439
          rhs: bool true : ? @442..446
      tail: unit : unit @338..449

fn condition@450..499 () -> int ∈ ∅
  result: copy : int @468..471
    value: if : ? @474..499
      condition: int 1 : ? @477..478
      then: int 2 : int @481..482
      else: bool false : bool @492..497

fn assignment@500..543 () -> unit ∈ unit
  result: copy : unit @500..543
    value:
      let x@526..527: int @522..531
        initializer: int 1 : int @530..531
      discard: hole : ? @536..541
        part[0]: int 2 : int @540..541
      tail: unit : unit @516..543

== semantic diagnostics ==
error[semantic/unsupported]: construct is not supported by scalar checking
  primary @76..84
error[semantic/type-mismatch]: expected bool, found int
  primary @111..112
  secondary @104..108: declared here
error[semantic/type-mismatch]: if branches are int and bool
  primary @136..172
  secondary @150..151: int here
  secondary @165..170: bool here
error[semantic/type-mismatch]: expected unit, found int
  primary @201..210
warning[semantic/unused-name]: local `x` is never read
  primary @237..238
  fix @237 -> "_": prefix the name with `_`
error[semantic/type-mismatch]: expected bool, found int
  primary @247..248
  secondary @240..244: declared here
error[semantic/type-mismatch]: unit values cannot be compared
  primary @280..288
error[semantic/type-mismatch]: expected int, found unit
  primary @312..314
error[semantic/unsupported]: construct is not supported by scalar checking
  primary @358..422
error[semantic/unknown-name]: unknown name `missing`
  primary @429..436
error[semantic/type-mismatch]: expected int, found bool
  primary @442..446
error[semantic/type-mismatch]: if branches are int and bool
  primary @474..499
  secondary @481..482: int here
  secondary @492..497: bool here
error[semantic/type-mismatch]: expected bool, found int
  primary @477..478
error[semantic/immutable-assignment]: cannot assign to immutable local `x`
  primary @536..537
  secondary @526..527: declared here
