file: rejected
frontend errors: 0 (see frontend.snap)
semantic errors: 15

fn unsupported@0..48 () -> unit ∈ unit
  result: copy : unit @0..48
    value:
      discard: hole : ? @23..36
      let x@31..32: hole : ? @23..36
      tail: unit : unit @17..48

fn closure@49..86 () -> unit ∈ unit
  result: copy : unit @49..86
    value:
      let f@72..73: ? @68..84
        initializer: hole : ? @76..84
      tail: unit : unit @62..86

fn literal@87..114 signature: unavailable
  body: hole : ? @102..114

fn mismatch@115..140 () -> bool ∈ ∅
  result: copy : bool @132..136
    value: int 1 : ? @139..140

fn branches@141..200 () -> int ∈ [1, 1]
  result: copy : int @158..161
    value: if : ? @164..200
      condition: bool true : bool @167..171
      then: int 1 : int @178..179
      else: bool false : bool @193..198

fn missing_else@201..238 () -> unit ∈ unit
  body: if : unit @221..238
    condition: bool true : bool @224..228
    then: int 1 : ? @235..236
    else: unit (implicit)

fn annotation@239..278 () -> unit ∈ unit
  result: copy : unit @239..278
    value:
      let x@265..266: bool @261..276
        initializer: int 1 : ? @275..276
      tail: unit : unit @255..278

fn unit_equality@279..316 () -> bool ∈ ∅
  result: copy : bool @301..305
    value: eager == : bool @308..316
      lhs: unit : unit @308..310
      rhs: unit : unit @314..316

fn unit_sum@317..346 () -> int ∈ ∅
  result: copy : int @334..337
    value: eager + : int @340..346
      lhs: unit : ? @340..342
      rhs: int 1 : int @345..346

fn computed_call@347..477 () -> unit ∈ unit
  result: copy : unit @347..477
    value:
      discard: hole : ? @376..475
        part[0]: hole : ? @386..450
        part[1]: hole : ? @457..464
        part[2]: eager + : int @466..474
          lhs: int 1 : int @466..467
          rhs: bool true : ? @470..474
      tail: unit : unit @366..477

fn condition@478..527 () -> int ∈ ∅
  result: copy : int @496..499
    value: if : ? @502..527
      condition: int 1 : ? @505..506
      then: int 2 : int @509..510
      else: bool false : bool @520..525

fn assignment@528..571 () -> unit ∈ unit
  result: copy : unit @528..571
    value:
      let x@554..555: int @550..559
        initializer: int 1 : int @558..559
      discard: hole : ? @564..569
      tail: unit : unit @544..571

== semantic diagnostics ==
error[semantic/unsupported]: construct is not supported by scalar checking
  primary @23..36
error[semantic/unsupported]: construct is not supported by scalar checking
  primary @76..84
error[semantic/unsupported]: construct is not supported by scalar checking
  primary @102..114
error[semantic/type-mismatch]: expected bool, found int
  primary @139..140
  secondary @132..136: declared here
error[semantic/type-mismatch]: if branches are int and bool
  primary @164..200
  secondary @178..179: int here
  secondary @193..198: bool here
error[semantic/type-mismatch]: expected unit, found int
  primary @229..238
error[semantic/type-mismatch]: expected bool, found int
  primary @275..276
  secondary @268..272: declared here
error[semantic/type-mismatch]: unit values cannot be compared
  primary @308..316
error[semantic/type-mismatch]: expected int, found unit
  primary @340..342
error[semantic/unsupported]: construct is not supported by scalar checking
  primary @386..450
error[semantic/unknown-name]: unknown name `missing`
  primary @457..464
error[semantic/type-mismatch]: expected int, found bool
  primary @470..474
error[semantic/type-mismatch]: if branches are int and bool
  primary @502..527
  secondary @509..510: int here
  secondary @520..525: bool here
error[semantic/type-mismatch]: expected bool, found int
  primary @505..506
error[semantic/unsupported]: construct is not supported by scalar checking
  primary @564..569
