file: rejected
frontend errors: 0 (see frontend.snap)
semantic errors: 4

fn or_name@1:1..1:42 () -> bool ∈ {true}
  result: copy : bool @1:17..1:21
    value: lazy or : bool @1:24..1:42
      lhs: bool true : bool @1:24..1:28
      rhs: hole : ? @1:32..1:42

fn and_type@2:1..2:35 () -> bool ∈ {false}
  result: copy : bool @2:18..2:22
    value: lazy and : bool @2:25..2:35
      lhs: bool false : bool @2:25..2:30
      rhs: int 1 : int @2:34..2:35

fn then_name@3:1..7:2 () -> int ∈ ∅
  result: copy : int @3:19..3:22
    value: if : ? @3:25..7:2
      condition: bool false : bool @3:28..3:33
      then: hole : ? @4:5..4:17
      else: int 1 : int @6:5..6:6

fn else_type@8:1..12:2 () -> int ∈ [1, 1]
  result: copy : int @8:19..8:22
    value: if : ? @8:25..12:2
      condition: bool true : bool @8:28..8:32
      then: int 1 : int @9:5..9:6
      else: bool false : bool @11:5..11:10

fn independent@13:1..13:29 () -> int ∈ [42, 42]
  result: copy : int @13:21..13:24
    value: int 42 : int @13:27..13:29

== semantic diagnostics ==
error[semantic/unknown-name]: unknown name `missing_or`
  primary @1:32..1:42
error[semantic/type-mismatch]: expected bool, found int
  primary @2:34..2:35
error[semantic/unknown-name]: unknown name `missing_then`
  primary @4:5..4:17
error[semantic/type-mismatch]: if branches are int and bool
  primary @8:25..12:2
  secondary @9:5..9:6: int here
  secondary @11:5..11:10: bool here
