== tree ==
SourceFile 0..25
  FnItem 0..25
    Name 3..4 "f"
    ParamList 4..6 "()"
    Block 7..25
      NameRef 11..12 "a"
      BinaryExpr 15..23
        PrefixExpr 15..17
          NameRef 16..17 "b"
        NameRef 22..23 "c"

== diagnostics ==
error[syntax/statement-without-effect] 2:3..2:4 "a": expression has no effect as a statement
  note: only a call, an `if`, or a block may stand before another statement; any other expression may only end its block, as the block's value
  note: the `-` on the next line is glued to its operand, so it begins a statement; spaced from it, it would continue this one
