file: rejected
frontend errors: 0 (see frontend.snap)
semantic errors: 10

fn mutable_use@1:1..4:2 () -> unit ∈ unit
  result: copy : unit @1:15..1:17
    value:
      let x@2:13..2:14: int @2:5..2:18
        initializer: int 1 : int @2:17..2:18
      tail: unit : unit @1:18..4:2

fn function_value@5:1..7:2 () -> unit ∈ unit
  result: copy : unit @5:18..5:20
    value:
      let f@6:9..6:10: ? @6:5..6:21
        initializer: hole : ? @6:13..6:21
      tail: unit : unit @5:21..7:2

fn mismatch@8:1..8:26 () -> bool ∈ ∅
  result: copy : bool @8:18..8:22
    value: int 1 : int @8:25..8:26

fn branches@9:1..13:2 () -> int ∈ [1, 1]
  result: copy : int @9:18..9:21
    value: if : ? @9:24..13:2
      condition: bool true : bool @9:27..9:31
      then: int 1 : int @10:5..10:6
      else: bool false : bool @12:5..12:10

fn missing_else@14:1..16:2 () -> unit ∈ unit
  body: if : unit @14:21..16:2
    condition: bool true : bool @14:24..14:28
    then: int 1 : int @15:5..15:6
    else: unit (implicit)

fn annotation@17:1..19:2 () -> unit ∈ unit
  result: copy : unit @17:14..17:16
    value:
      let x@18:9..18:10: bool @18:5..18:20
        initializer: int 1 : int @18:19..18:20
      tail: unit : unit @17:17..19:2

fn unit_equality@20:1..20:38 () -> bool ∈ ∅
  result: copy : bool @20:23..20:27
    value: eager == : bool @20:30..20:38
      lhs: unit : unit @20:30..20:32
      rhs: unit : unit @20:36..20:38

fn unit_sum@21:1..21:30 () -> int ∈ ∅
  result: copy : int @21:18..21:21
    value: eager + : int @21:24..21:30
      lhs: unit : unit @21:24..21:26
      rhs: int 1 : int @21:29..21:30

fn condition@22:1..22:50 () -> int ∈ ∅
  result: copy : int @22:19..22:22
    value: if : ? @22:25..22:50
      condition: int 1 : int @22:28..22:29
      then: int 2 : int @22:32..22:33
      else: bool false : bool @22:43..22:48

fn assignment@23:1..26:2 () -> unit ∈ unit
  result: copy : unit @23:14..23:16
    value:
      let x@24:9..24:10: int @24:5..24:14
        initializer: int 1 : int @24:13..24:14
      discard: hole : ? @25:5..25:10
        part[0]: int 2 : int @25:9..25:10
      tail: unit : unit @23:17..26:2

== semantic diagnostics ==
error[semantic/not-a-value] 6:13..6:21 "mismatch": function `mismatch` is not a value
error[semantic/type-mismatch] 8:25..8:26 "1": expected bool, found int
  at 8:18..8:22 "bool": declared here
error[semantic/type-mismatch] 9:24..13:2 "if true {\n    1\n} else {\n    false\n}": if branches are int and bool
  at 10:5..10:6 "1": int here
  at 12:5..12:10 "false": bool here
error[semantic/type-mismatch] 15:5..15:6 "1": expected unit, found int
warning[semantic/unused-name] 18:9..18:10 "x": local `x` is never read
  fix: prefix the name with `_`
    18:9 -> "_"
error[semantic/type-mismatch] 18:19..18:20 "1": expected bool, found int
  at 18:12..18:16 "bool": declared here
error[semantic/type-mismatch] 20:30..20:38 "{} == {}": unit values cannot be compared
error[semantic/type-mismatch] 21:24..21:26 "{}": expected int, found unit
error[semantic/type-mismatch] 22:25..22:50 "if 1 { 2 } else { false }": if branches are int and bool
  at 22:32..22:33 "2": int here
  at 22:43..22:48 "false": bool here
error[semantic/type-mismatch] 22:28..22:29 "1": expected bool, found int
error[semantic/immutable-assignment] 25:5..25:6 "x": cannot assign to immutable local `x`
  at 24:9..24:10 "x": declared here
