file: accepted
frontend errors: 0 (see frontend.snap)
semantic errors: 0

fn fib@0..71 (int ∈ [0, 15]) -> int ∈ [0, +∞)
  param n@7..8: int
  result: copy : int @18..21
    value: if : int @24..71
      condition: eager < : bool @27..32
        lhs: read n@7..8 : int
        rhs: int 2 : int @31..32
      then: read n@7..8 [n < 2 holds@27..32] : int
      else: eager + : int @46..69
        lhs: call fib@0..71 : int @46..56
          arg[0]: eager - : int @50..55
            lhs: read n@7..8 [n < 2 fails@27..32] : int
            rhs: int 1 : int @54..55
        rhs: call fib@0..71 : int @59..69
          arg[0]: eager - : int @63..68
            lhs: read n@7..8 [n < 2 fails@27..32] : int
            rhs: int 2 : int @67..68

fn fib_15@72..100 () -> int ∈ [0, +∞)
  result: copy : int @87..90
    value: call fib@0..71 : int @93..100
      arg[0]: int 15 : int @97..99

fn count@101..168 (int ∈ [0, 10000]) -> int ∈ [0, +∞)
  param n@110..111: int
  result: copy : int @121..124
    value: if : int @127..168
      condition: eager == : bool @130..136
        lhs: read n@110..111 : int
        rhs: int 0 : int @135..136
      then: int 0 : int @139..140
      else: eager + : int @150..166
        lhs: int 1 : int @150..151
        rhs: call count@101..168 : int @154..166
          arg[0]: eager - : int @160..165
            lhs: read n@110..111 [n == 0 fails@130..136] : int
            rhs: int 1 : int @164..165

fn deep@169..200 () -> int ∈ [0, +∞)
  result: copy : int @182..185
    value: call count@101..168 : int @188..200
      arg[0]: int 10000 : int @194..199

fn dead_step@201..310 (int ∈ [0, 10]) -> int ∈ [0, 0]
  param n@214..215: int
  result: copy : int @225..228
    value: if : int @231..310
      condition: eager > : bool @234..239
        lhs: read n@214..215 : int
        rhs: int 0 : int @238..239
      then: call dead_step@201..310 : int @242..258
        arg[0]: eager - : int @252..257
          lhs: read n@214..215 [n > 0 holds@234..239] : int
          rhs: int 1 : int @256..257
      else: if : int @268..308
        condition: bool false : bool @271..276
        then: call dead_step@201..310 : int @279..295
          arg[0]: eager + : int @289..294
            lhs: read n@214..215 [n > 0 fails@234..239] : int
            rhs: int 1 : int @293..294
        else: int 0 : int @305..306

fn dead_steps@311..349 () -> int ∈ [0, 0]
  result: copy : int @330..333
    value: call dead_step@201..310 : int @336..349
      arg[0]: int 10 : int @346..348

fn r0@350..432 (int ∈ [1, 1], int ∈ [2, 2], int ∈ [0, 20]) -> int ∈ [3, 3]
  param a@356..357: int
  param b@364..365: int
  param c@372..373: int
  result: copy : int @383..386
    value: if : int @389..432
      condition: eager > : bool @392..397
        lhs: read c@372..373 : int
        rhs: int 0 : int @396..397
      then: call r3@599..681 : int @400..415
        arg[0]: read b@364..365 : int
        arg[1]: read a@356..357 : int
        arg[2]: eager - : int @409..414
          lhs: read c@372..373 [c > 0 holds@392..397] : int
          rhs: int 1 : int @413..414
      else: eager + : int @425..430
        lhs: read a@356..357 : int
        rhs: read b@364..365 : int

fn r1@433..515 (int ∈ [1, 1], int ∈ [2, 2], int ∈ [0, 18]) -> int ∈ [3, 3]
  param a@439..440: int
  param b@447..448: int
  param c@455..456: int
  result: copy : int @466..469
    value: if : int @472..515
      condition: eager > : bool @475..480
        lhs: read c@455..456 : int
        rhs: int 0 : int @479..480
      then: call r4@682..764 : int @483..498
        arg[0]: read b@447..448 : int
        arg[1]: read a@439..440 : int
        arg[2]: eager - : int @492..497
          lhs: read c@455..456 [c > 0 holds@475..480] : int
          rhs: int 1 : int @496..497
      else: eager + : int @508..513
        lhs: read a@439..440 : int
        rhs: read b@447..448 : int

fn r2@516..598 (int ∈ [1, 1], int ∈ [2, 2], int ∈ [0, 16]) -> int ∈ [3, 3]
  param a@522..523: int
  param b@530..531: int
  param c@538..539: int
  result: copy : int @549..552
    value: if : int @555..598
      condition: eager > : bool @558..563
        lhs: read c@538..539 : int
        rhs: int 0 : int @562..563
      then: call r5@765..847 : int @566..581
        arg[0]: read b@530..531 : int
        arg[1]: read a@522..523 : int
        arg[2]: eager - : int @575..580
          lhs: read c@538..539 [c > 0 holds@558..563] : int
          rhs: int 1 : int @579..580
      else: eager + : int @591..596
        lhs: read a@522..523 : int
        rhs: read b@530..531 : int

fn r3@599..681 (int ∈ [2, 2], int ∈ [1, 1], int ∈ [0, 19]) -> int ∈ [3, 3]
  param a@605..606: int
  param b@613..614: int
  param c@621..622: int
  result: copy : int @632..635
    value: if : int @638..681
      condition: eager > : bool @641..646
        lhs: read c@621..622 : int
        rhs: int 0 : int @645..646
      then: call r1@433..515 : int @649..664
        arg[0]: read b@613..614 : int
        arg[1]: read a@605..606 : int
        arg[2]: eager - : int @658..663
          lhs: read c@621..622 [c > 0 holds@641..646] : int
          rhs: int 1 : int @662..663
      else: eager + : int @674..679
        lhs: read a@605..606 : int
        rhs: read b@613..614 : int

fn r4@682..764 (int ∈ [2, 2], int ∈ [1, 1], int ∈ [0, 17]) -> int ∈ [3, 3]
  param a@688..689: int
  param b@696..697: int
  param c@704..705: int
  result: copy : int @715..718
    value: if : int @721..764
      condition: eager > : bool @724..729
        lhs: read c@704..705 : int
        rhs: int 0 : int @728..729
      then: call r2@516..598 : int @732..747
        arg[0]: read b@696..697 : int
        arg[1]: read a@688..689 : int
        arg[2]: eager - : int @741..746
          lhs: read c@704..705 [c > 0 holds@724..729] : int
          rhs: int 1 : int @745..746
      else: eager + : int @757..762
        lhs: read a@688..689 : int
        rhs: read b@696..697 : int

fn r5@765..847 (int ∈ [2, 2], int ∈ [1, 1], int ∈ [0, 15]) -> int ∈ [3, 3]
  param a@771..772: int
  param b@779..780: int
  param c@787..788: int
  result: copy : int @798..801
    value: if : int @804..847
      condition: eager > : bool @807..812
        lhs: read c@787..788 : int
        rhs: int 0 : int @811..812
      then: call r0@350..432 : int @815..830
        arg[0]: read b@779..780 : int
        arg[1]: read a@771..772 : int
        arg[2]: eager - : int @824..829
          lhs: read c@787..788 [c > 0 holds@807..812] : int
          rhs: int 1 : int @828..829
      else: eager + : int @840..845
        lhs: read a@771..772 : int
        rhs: read b@779..780 : int

fn ring@848..879 () -> int ∈ [3, 3]
  result: copy : int @861..864
    value: call r0@350..432 : int @867..879
      arg[0]: int 1 : int @870..871
      arg[1]: int 2 : int @873..874
      arg[2]: int 20 : int @876..878

fn dead_arm@880..976 (int ∈ [0, 6]) -> int ∈ [0, 0]
  param n@892..893: int
  result: copy : int @903..906
    value: if : int @909..976
      condition: eager == : bool @912..918
        lhs: read n@892..893 : int
        rhs: int 0 : int @917..918
      then: int 0 : int @921..922
      else: call dead_arm@880..976 : int @932..974
        arg[0]: if : int @941..973
          condition: bool true : bool @944..948
          then: eager - : int @951..956
            lhs: read n@892..893 [n == 0 fails@912..918] : int
            rhs: int 1 : int @955..956
          else: eager + : int @966..971
            lhs: read n@892..893 [n == 0 fails@912..918] : int
            rhs: int 1 : int @970..971

fn dead_arms@977..1012 () -> int ∈ [0, 0]
  result: copy : int @995..998
    value: call dead_arm@880..976 : int @1001..1012
      arg[0]: int 6 : int @1010..1011
