file: rejected
frontend errors: 12 (see frontend.snap)
semantic errors: 3

fn <missing>@1:1..1:15 (int ∈ ∅) -> unit ∈ ∅
  param a@1:5..1:6: int
  result: copy : unit @1:1..1:15
    value: unit : unit @1:13..1:15

fn unclosed@2:1..2:19 signature: unavailable
  param a@2:13..2:14: int
  body: hole : ? @2:1..2:19

fn untyped@3:1..5:2 signature: unavailable
  param a@3:12..3:13: ?
  body:
    let x@4:9..4:10: hole : ? @4:5..4:15
    tail: hole : ? @3:19..5:2

fn stray_before_params@6:1..8:2 (int ∈ ∅) -> unit ∈ ∅
  param a@6:26..6:27: ?
  result: copy : unit @6:1..8:2
    value: read a@6:26..6:27 : ?

fn stray_in_result@9:1..11:2 signature: unavailable
  body: hole : ? @10:5..10:6

fn stray_signature@12:1..12:25 signature: unavailable
  body: hole : ? @12:1..12:25

fn stray_before_result@13:1..15:2 () -> int ∈ ∅
  result: copy : int @13:31..13:34
    value: hole : ? @14:5..14:6

fn intact@16:1..16:23 () -> int ∈ [3, 3]
  result: copy : int @16:16..16:19
    value: int 3 : int @16:22..16:23

== semantic diagnostics ==
warning[semantic/unused-name]: parameter `a` is never read
  primary @1:5..1:6
  fix @1:5 -> "_": prefix the name with `_`
error[semantic/type-mismatch]: expected unit, found int
  primary @6:34..8:2
  secondary @6:1..8:2: declared here
error[semantic/unknown-name]: unknown name `a`
  primary @10:5..10:6
error[semantic/unknown-name]: unknown name `a`
  primary @14:5..14:6
