file: accepted
frontend errors: 0 (see frontend.snap)
semantic errors: 0

== graph ==
fn plain@1:1..2:6 () -> int ∈ [3, 3]
  result: copy : int @1:15..1:18
    value: eager + : int @1:21..2:6
      lhs: int 1 : int @1:21..1:22
      rhs: int 2 : int @2:5..2:6

fn grouped@3:1..4:7 () -> int ∈ [3, 3]
  result: copy : int @3:17..3:20
    value: eager + : int @3:24..4:6
      lhs: int 1 : int @3:24..3:25
      rhs: int 2 : int @4:5..4:6

fn nested@5:1..6:9 () -> int ∈ [3, 3]
  result: copy : int @5:16..5:19
    value: eager + : int @5:25..6:6
      lhs: int 1 : int @5:25..5:26
      rhs: int 2 : int @6:5..6:6

fn compound@7:1..9:9 () -> bool ∈ {true}
  result: copy : bool @7:18..7:22
    value: lazy and : bool @7:25..9:9
      lhs: eager <= : bool @7:25..8:6
        lhs: int 1 : int @7:25..7:26
        rhs: int 2 : int @8:5..8:6
      rhs: bool true : bool @9:5..9:9

fn statements@10:1..14:3 () -> int ∈ [3, 3]
  result: copy : int @10:20..10:23
    value:
      discard: eager + : int @11:9..12:10
        lhs: int 1 : int @11:9..11:10
        rhs: int 2 : int @12:9..12:10
      tail: int 3 : int @13:5..13:6

fn negated@15:1..16:7 () -> int ∈ [-1, -1]
  result: copy : int @15:17..15:20
    value: eager + : int @15:23..16:7
      lhs: int 1 : int @15:23..15:24
      rhs: int -2 : int @16:5..16:7

fn leading@17:1..18:8 () -> int ∈ [-1, -1]
  result: copy : int @17:17..17:20
    value: eager - : int @17:23..18:8
      lhs: int 1 : int @17:23..17:24
      rhs: int 2 : int @18:7..18:8

== semantic diagnostics ==
warning[semantic/constant-condition] 7:25..8:6 "1 <= // continue after the comment\n    2": condition is always true
warning[semantic/constant-condition] 9:5..9:9 "true": condition is always true
