== tree ==
SourceFile! 0..22
  FnItem! 0..21
    Name 3..4 "f"
    ParamList 4..6 "()"
    Block! 7..21
      BinaryExpr! 13..19
        NameRef 13..14 "a"
        Error! 15..16 ":"
        NameRef 18..19 "b"

== evidence ==
Unexpected at 15

== diagnostics ==
error[syntax/unexpected-syntax] 2:7..2:8 ":": unexpected syntax in expression
