== tree ==
SourceFile! 0..458
  FnItem! 129..442
    Name 132..136 "deep"
    ParamList 136..138 "()"
    PrefixExpr! 141..442
      PrefixExpr! 142..442
        PrefixExpr! 143..442
          PrefixExpr! 144..442
            PrefixExpr! 145..442
              PrefixExpr! 146..442
                PrefixExpr! 147..442
                  PrefixExpr! 148..442
                    PrefixExpr! 149..442
                      PrefixExpr! 150..442
                        PrefixExpr! 151..442
                          PrefixExpr! 152..442
                            PrefixExpr! 153..442
                              PrefixExpr! 154..442
                                PrefixExpr! 155..442
                                  PrefixExpr! 156..442
                                    PrefixExpr! 157..442
                                      PrefixExpr! 158..442
                                        PrefixExpr! 159..442
                                          PrefixExpr! 160..442
                                            PrefixExpr! 161..442
                                              PrefixExpr! 162..442
                                                PrefixExpr! 163..442
                                                  PrefixExpr! 164..442
                                                    PrefixExpr! 165..442
                                                      PrefixExpr! 166..442
                                                        PrefixExpr! 167..442
                                                          PrefixExpr! 168..442
                                                            PrefixExpr! 169..442
                                                              PrefixExpr! 170..442
                                                                PrefixExpr! 171..442
                                                                  PrefixExpr! 172..442
                                                                    PrefixExpr! 173..442
                                                                      PrefixExpr! 174..442
                                                                        PrefixExpr! 175..442
                                                                          PrefixExpr! 176..442
                                                                            PrefixExpr! 177..442
                                                                              PrefixExpr! 178..442
                                                                                PrefixExpr! 179..442
                                                                                  PrefixExpr! 180..442
                                                                                    PrefixExpr! 181..442
                                                                                      PrefixExpr! 182..442
                                                                                        PrefixExpr! 183..442
                                                                                          PrefixExpr! 184..442
                                                                                            PrefixExpr! 185..442
                                                                                              PrefixExpr! 186..442
                                                                                                PrefixExpr! 187..442
                                                                                                  PrefixExpr! 188..442
                                                                                                    PrefixExpr! 189..442
                                                                                                      PrefixExpr! 190..442
                                                                                                        PrefixExpr! 191..442
                                                                                                          PrefixExpr! 192..442
                                                                                                            PrefixExpr! 193..442
                                                                                                              PrefixExpr! 194..442
                                                                                                                PrefixExpr! 195..442
                                                                                                                  PrefixExpr! 196..442
                                                                                                                    PrefixExpr! 197..442
                                                                                                                      PrefixExpr! 198..442
                                                                                                                        PrefixExpr! 199..442
                                                                                                                          PrefixExpr! 200..442
                                                                                                                            PrefixExpr! 201..442
                                                                                                                              PrefixExpr! 202..442
                                                                                                                                PrefixExpr! 203..442
                                                                                                                                  PrefixExpr! 204..442
                                                                                                                                    PrefixExpr! 205..442
                                                                                                                                      PrefixExpr! 206..442
                                                                                                                                        PrefixExpr! 207..442
                                                                                                                                          PrefixExpr! 208..442
                                                                                                                                            PrefixExpr! 209..442
                                                                                                                                              PrefixExpr! 210..442
                                                                                                                                                PrefixExpr! 211..442
                                                                                                                                                  PrefixExpr! 212..442
                                                                                                                                                    PrefixExpr! 213..442
                                                                                                                                                      PrefixExpr! 214..442
                                                                                                                                                        PrefixExpr! 215..442
                                                                                                                                                          PrefixExpr! 216..442
                                                                                                                                                            PrefixExpr! 217..442
                                                                                                                                                              PrefixExpr! 218..442
                                                                                                                                                                PrefixExpr! 219..442
                                                                                                                                                                  PrefixExpr! 220..442
                                                                                                                                                                    PrefixExpr! 221..442
                                                                                                                                                                      PrefixExpr! 222..442
                                                                                                                                                                        PrefixExpr! 223..442
                                                                                                                                                                          PrefixExpr! 224..442
                                                                                                                                                                            PrefixExpr! 225..442
                                                                                                                                                                              PrefixExpr! 226..442
                                                                                                                                                                                PrefixExpr! 227..442
                                                                                                                                                                                  PrefixExpr! 228..442
                                                                                                                                                                                    PrefixExpr! 229..442
                                                                                                                                                                                      PrefixExpr! 230..442
                                                                                                                                                                                        PrefixExpr! 231..442
                                                                                                                                                                                          PrefixExpr! 232..442
                                                                                                                                                                                            PrefixExpr! 233..442
                                                                                                                                                                                              PrefixExpr! 234..442
                                                                                                                                                                                                PrefixExpr! 235..442
                                                                                                                                                                                                  PrefixExpr! 236..442
                                                                                                                                                                                                    PrefixExpr! 237..442
                                                                                                                                                                                                      PrefixExpr! 238..442
                                                                                                                                                                                                        PrefixExpr! 239..442
                                                                                                                                                                                                          PrefixExpr! 240..442
                                                                                                                                                                                                            PrefixExpr! 241..442
                                                                                                                                                                                                              PrefixExpr! 242..442
                                                                                                                                                                                                                PrefixExpr! 243..442
                                                                                                                                                                                                                  PrefixExpr! 244..442
                                                                                                                                                                                                                    PrefixExpr! 245..442
                                                                                                                                                                                                                      PrefixExpr! 246..442
                                                                                                                                                                                                                        PrefixExpr! 247..442
                                                                                                                                                                                                                          PrefixExpr! 248..442
                                                                                                                                                                                                                            PrefixExpr! 249..442
                                                                                                                                                                                                                              PrefixExpr! 250..442
                                                                                                                                                                                                                                PrefixExpr! 251..442
                                                                                                                                                                                                                                  PrefixExpr! 252..442
                                                                                                                                                                                                                                    PrefixExpr! 253..442
                                                                                                                                                                                                                                      PrefixExpr! 254..442
                                                                                                                                                                                                                                        PrefixExpr! 255..442
                                                                                                                                                                                                                                          PrefixExpr! 256..442
                                                                                                                                                                                                                                            PrefixExpr! 257..442
                                                                                                                                                                                                                                              PrefixExpr! 258..442
                                                                                                                                                                                                                                                PrefixExpr! 259..442
                                                                                                                                                                                                                                                  PrefixExpr! 260..442
                                                                                                                                                                                                                                                    PrefixExpr! 261..442
                                                                                                                                                                                                                                                      PrefixExpr! 262..442
                                                                                                                                                                                                                                                        PrefixExpr! 263..442
                                                                                                                                                                                                                                                          PrefixExpr! 264..442
                                                                                                                                                                                                                                                            PrefixExpr! 265..442
                                                                                                                                                                                                                                                              PrefixExpr! 266..442
                                                                                                                                                                                                                                                                PrefixExpr! 267..442
                                                                                                                                                                                                                                                                  PrefixExpr! 268..442
                                                                                                                                                                                                                                                                    PrefixExpr! 269..442
                                                                                                                                                                                                                                                                      PrefixExpr! 270..442
                                                                                                                                                                                                                                                                        PrefixExpr! 271..442
                                                                                                                                                                                                                                                                          PrefixExpr! 272..442
                                                                                                                                                                                                                                                                            PrefixExpr! 273..442
                                                                                                                                                                                                                                                                              PrefixExpr! 274..442
                                                                                                                                                                                                                                                                                PrefixExpr! 275..442
                                                                                                                                                                                                                                                                                  PrefixExpr! 276..442
                                                                                                                                                                                                                                                                                    PrefixExpr! 277..442
                                                                                                                                                                                                                                                                                      PrefixExpr! 278..442
                                                                                                                                                                                                                                                                                        PrefixExpr! 279..442
                                                                                                                                                                                                                                                                                          PrefixExpr! 280..442
                                                                                                                                                                                                                                                                                            PrefixExpr! 281..442
                                                                                                                                                                                                                                                                                              PrefixExpr! 282..442
                                                                                                                                                                                                                                                                                                PrefixExpr! 283..442
                                                                                                                                                                                                                                                                                                  PrefixExpr! 284..442
                                                                                                                                                                                                                                                                                                    PrefixExpr! 285..442
                                                                                                                                                                                                                                                                                                      PrefixExpr! 286..442
                                                                                                                                                                                                                                                                                                        PrefixExpr! 287..442
                                                                                                                                                                                                                                                                                                          PrefixExpr! 288..442
                                                                                                                                                                                                                                                                                                            PrefixExpr! 289..442
                                                                                                                                                                                                                                                                                                              PrefixExpr! 290..442
                                                                                                                                                                                                                                                                                                                PrefixExpr! 291..442
                                                                                                                                                                                                                                                                                                                  PrefixExpr! 292..442
                                                                                                                                                                                                                                                                                                                    PrefixExpr! 293..442
                                                                                                                                                                                                                                                                                                                      PrefixExpr! 294..442
                                                                                                                                                                                                                                                                                                                        PrefixExpr! 295..442
                                                                                                                                                                                                                                                                                                                          PrefixExpr! 296..442
                                                                                                                                                                                                                                                                                                                            PrefixExpr! 297..442
                                                                                                                                                                                                                                                                                                                              PrefixExpr! 298..442
                                                                                                                                                                                                                                                                                                                                PrefixExpr! 299..442
                                                                                                                                                                                                                                                                                                                                  PrefixExpr! 300..442
                                                                                                                                                                                                                                                                                                                                    PrefixExpr! 301..442
                                                                                                                                                                                                                                                                                                                                      PrefixExpr! 302..442
                                                                                                                                                                                                                                                                                                                                        PrefixExpr! 303..442
                                                                                                                                                                                                                                                                                                                                          PrefixExpr! 304..442
                                                                                                                                                                                                                                                                                                                                            PrefixExpr! 305..442
                                                                                                                                                                                                                                                                                                                                              PrefixExpr! 306..442
                                                                                                                                                                                                                                                                                                                                                PrefixExpr! 307..442
                                                                                                                                                                                                                                                                                                                                                  PrefixExpr! 308..442
                                                                                                                                                                                                                                                                                                                                                    PrefixExpr! 309..442
                                                                                                                                                                                                                                                                                                                                                      PrefixExpr! 310..442
                                                                                                                                                                                                                                                                                                                                                        PrefixExpr! 311..442
                                                                                                                                                                                                                                                                                                                                                          PrefixExpr! 312..442
                                                                                                                                                                                                                                                                                                                                                            PrefixExpr! 313..442
                                                                                                                                                                                                                                                                                                                                                              PrefixExpr! 314..442
                                                                                                                                                                                                                                                                                                                                                                PrefixExpr! 315..442
                                                                                                                                                                                                                                                                                                                                                                  PrefixExpr! 316..442
                                                                                                                                                                                                                                                                                                                                                                    PrefixExpr! 317..442
                                                                                                                                                                                                                                                                                                                                                                      PrefixExpr! 318..442
                                                                                                                                                                                                                                                                                                                                                                        PrefixExpr! 319..442
                                                                                                                                                                                                                                                                                                                                                                          PrefixExpr! 320..442
                                                                                                                                                                                                                                                                                                                                                                            PrefixExpr! 321..442
                                                                                                                                                                                                                                                                                                                                                                              PrefixExpr! 322..442
                                                                                                                                                                                                                                                                                                                                                                                PrefixExpr! 323..442
                                                                                                                                                                                                                                                                                                                                                                                  PrefixExpr! 324..442
                                                                                                                                                                                                                                                                                                                                                                                    PrefixExpr! 325..442
                                                                                                                                                                                                                                                                                                                                                                                      PrefixExpr! 326..442
                                                                                                                                                                                                                                                                                                                                                                                        PrefixExpr! 327..442
                                                                                                                                                                                                                                                                                                                                                                                          PrefixExpr! 328..442
                                                                                                                                                                                                                                                                                                                                                                                            PrefixExpr! 329..442
                                                                                                                                                                                                                                                                                                                                                                                              PrefixExpr! 330..442
                                                                                                                                                                                                                                                                                                                                                                                                PrefixExpr! 331..442
                                                                                                                                                                                                                                                                                                                                                                                                  PrefixExpr! 332..442
                                                                                                                                                                                                                                                                                                                                                                                                    PrefixExpr! 333..442
                                                                                                                                                                                                                                                                                                                                                                                                      PrefixExpr! 334..442
                                                                                                                                                                                                                                                                                                                                                                                                        PrefixExpr! 335..442
                                                                                                                                                                                                                                                                                                                                                                                                          PrefixExpr! 336..442
                                                                                                                                                                                                                                                                                                                                                                                                            PrefixExpr! 337..442
                                                                                                                                                                                                                                                                                                                                                                                                              PrefixExpr! 338..442
                                                                                                                                                                                                                                                                                                                                                                                                                PrefixExpr! 339..442
                                                                                                                                                                                                                                                                                                                                                                                                                  PrefixExpr! 340..442
                                                                                                                                                                                                                                                                                                                                                                                                                    PrefixExpr! 341..442
                                                                                                                                                                                                                                                                                                                                                                                                                      PrefixExpr! 342..442
                                                                                                                                                                                                                                                                                                                                                                                                                        PrefixExpr! 343..442
                                                                                                                                                                                                                                                                                                                                                                                                                          PrefixExpr! 344..442
                                                                                                                                                                                                                                                                                                                                                                                                                            PrefixExpr! 345..442
                                                                                                                                                                                                                                                                                                                                                                                                                              PrefixExpr! 346..442
                                                                                                                                                                                                                                                                                                                                                                                                                                PrefixExpr! 347..442
                                                                                                                                                                                                                                                                                                                                                                                                                                  PrefixExpr! 348..442
                                                                                                                                                                                                                                                                                                                                                                                                                                    PrefixExpr! 349..442
                                                                                                                                                                                                                                                                                                                                                                                                                                      PrefixExpr! 350..442
                                                                                                                                                                                                                                                                                                                                                                                                                                        PrefixExpr! 351..442
                                                                                                                                                                                                                                                                                                                                                                                                                                          PrefixExpr! 352..442
                                                                                                                                                                                                                                                                                                                                                                                                                                            PrefixExpr! 353..442
                                                                                                                                                                                                                                                                                                                                                                                                                                              PrefixExpr! 354..442
                                                                                                                                                                                                                                                                                                                                                                                                                                                PrefixExpr! 355..442
                                                                                                                                                                                                                                                                                                                                                                                                                                                  PrefixExpr! 356..442
                                                                                                                                                                                                                                                                                                                                                                                                                                                    PrefixExpr! 357..442
                                                                                                                                                                                                                                                                                                                                                                                                                                                      PrefixExpr! 358..442
                                                                                                                                                                                                                                                                                                                                                                                                                                                        PrefixExpr! 359..442
                                                                                                                                                                                                                                                                                                                                                                                                                                                          PrefixExpr! 360..442
                                                                                                                                                                                                                                                                                                                                                                                                                                                            PrefixExpr! 361..442
                                                                                                                                                                                                                                                                                                                                                                                                                                                              PrefixExpr! 362..442
                                                                                                                                                                                                                                                                                                                                                                                                                                                                PrefixExpr! 363..442
                                                                                                                                                                                                                                                                                                                                                                                                                                                                  PrefixExpr! 364..442
                                                                                                                                                                                                                                                                                                                                                                                                                                                                    PrefixExpr! 365..442
                                                                                                                                                                                                                                                                                                                                                                                                                                                                      PrefixExpr! 366..442
                                                                                                                                                                                                                                                                                                                                                                                                                                                                        PrefixExpr! 367..442
                                                                                                                                                                                                                                                                                                                                                                                                                                                                          PrefixExpr! 368..442
                                                                                                                                                                                                                                                                                                                                                                                                                                                                            PrefixExpr! 369..442
                                                                                                                                                                                                                                                                                                                                                                                                                                                                              PrefixExpr! 370..442
                                                                                                                                                                                                                                                                                                                                                                                                                                                                                PrefixExpr! 371..442
                                                                                                                                                                                                                                                                                                                                                                                                                                                                                  PrefixExpr! 372..442
                                                                                                                                                                                                                                                                                                                                                                                                                                                                                    PrefixExpr! 373..442
                                                                                                                                                                                                                                                                                                                                                                                                                                                                                      PrefixExpr! 374..442
                                                                                                                                                                                                                                                                                                                                                                                                                                                                                        PrefixExpr! 375..442
                                                                                                                                                                                                                                                                                                                                                                                                                                                                                          PrefixExpr! 376..442
                                                                                                                                                                                                                                                                                                                                                                                                                                                                                            PrefixExpr! 377..442
                                                                                                                                                                                                                                                                                                                                                                                                                                                                                              PrefixExpr! 378..442
                                                                                                                                                                                                                                                                                                                                                                                                                                                                                                PrefixExpr! 379..442
                                                                                                                                                                                                                                                                                                                                                                                                                                                                                                  PrefixExpr! 380..442
                                                                                                                                                                                                                                                                                                                                                                                                                                                                                                    PrefixExpr! 381..442
                                                                                                                                                                                                                                                                                                                                                                                                                                                                                                      PrefixExpr! 382..442
                                                                                                                                                                                                                                                                                                                                                                                                                                                                                                        PrefixExpr! 383..442
                                                                                                                                                                                                                                                                                                                                                                                                                                                                                                          PrefixExpr! 384..442
                                                                                                                                                                                                                                                                                                                                                                                                                                                                                                            PrefixExpr! 385..442
                                                                                                                                                                                                                                                                                                                                                                                                                                                                                                              PrefixExpr! 386..442
                                                                                                                                                                                                                                                                                                                                                                                                                                                                                                                PrefixExpr! 387..442
                                                                                                                                                                                                                                                                                                                                                                                                                                                                                                                  PrefixExpr! 388..442
                                                                                                                                                                                                                                                                                                                                                                                                                                                                                                                    PrefixExpr! 389..442
                                                                                                                                                                                                                                                                                                                                                                                                                                                                                                                      PrefixExpr! 390..442
                                                                                                                                                                                                                                                                                                                                                                                                                                                                                                                        PrefixExpr! 391..442
                                                                                                                                                                                                                                                                                                                                                                                                                                                                                                                          PrefixExpr! 392..442
                                                                                                                                                                                                                                                                                                                                                                                                                                                                                                                            PrefixExpr! 393..442
                                                                                                                                                                                                                                                                                                                                                                                                                                                                                                                              PrefixExpr! 394..442
                                                                                                                                                                                                                                                                                                                                                                                                                                                                                                                                PrefixExpr! 395..442
                                                                                                                                                                                                                                                                                                                                                                                                                                                                                                                                  Error! 396..442 "!!!!!!!!!!!!!!!!!!!!!!!!!!!!!!!!!!!!!!!!!!!!!x"
  FnItem 443..457
    Name 446..451 "after"
    ParamList 451..453 "()"
    LiteralExpr 456..457 "1"

== evidence ==
NestingTooDeep at 396

== diagnostics ==
error[syntax/nesting-too-deep] 3:268..3:269 "!": expression nesting limit exceeded
  at 3:268..3:314 "!!!!!!!!!!!!!!!!!!!!!!!!!!!!!!!!!!!!!!!!!!!!!x": skipped while recovering

== formatted ==
// Past the nesting limit the rest of the expression is skipped as one run
// and reported once, and the next item still parses.
fn deep() =
    !!!!!!!!!!!!!!!!!!!!!!!!!!!!!!!!!!!!!!!!!!!!!!!!!!!!!!!!!!!!!!!!!!!!!!!!!!!!!!!!!!!!!!!!!!!!!!!!!!!!!!!!!!!!!!!!!!!!!!!!!!!!!!!!!!!!!!!!!!!!!!!!!!!!!!!!!!!!!!!!!!!!!!!!!!!!!!!!!!!!!!!!!!!!!!!!!!!!!!!!!!!!!!!!!!!!!!!!!!!!!!!!!!!!!!!!!!!!!!!!!!!!!!!!!!!!!!!!!!!!!!!!!!!!!!!!!!!!!!!!!!!!!!!!!!!!!!!!!!!!x
fn after() = 1
